Component: ARM Compiler 5.06 update 6 (build 750) Tool: armlink [4d35ed]

==============================================================================

Section Cross References

    main.o(i.Error_Handler) refers to printf.o(.text) for printf
    main.o(i.Error_Handler) refers to main.o(.bss) for buf
    main.o(i.SystemClock_Config) refers to rt_memclr_w.o(.text) for __aeabi_memclr4
    main.o(i.SystemClock_Config) refers to stm32f4xx_hal_rcc.o(i.HAL_RCC_OscConfig) for HAL_RCC_OscConfig
    main.o(i.SystemClock_Config) refers to main.o(i.Error_Handler) for Error_Handler
    main.o(i.SystemClock_Config) refers to stm32f4xx_hal_pwr_ex.o(i.HAL_PWREx_EnableOverDrive) for HAL_PWREx_EnableOverDrive
    main.o(i.SystemClock_Config) refers to stm32f4xx_hal_rcc.o(i.HAL_RCC_ClockConfig) for HAL_RCC_ClockConfig
    main.o(i.main) refers to watchdog.o(i.init_Watchdog) for init_Watchdog
    main.o(i.main) refers to main.o(i.Error_Handler) for Error_Handler
    main.o(i.main) refers to stm32f4xx_hal.o(i.HAL_Init) for HAL_Init
    main.o(i.main) refers to main.o(i.SystemClock_Config) for SystemClock_Config
    main.o(i.main) refers to usart.o(i.init_USART) for init_USART
    main.o(i.main) refers to __2sprintf.o(.text) for __2sprintf
    main.o(i.main) refers to usart.o(i.tx_USART) for tx_USART
    main.o(i.main) refers to watchdog.o(i.reset_Watchdog) for reset_Watchdog
    main.o(i.main) refers to main.o(.bss) for buf
    main.o(i.main) refers to main.o(.data) for size
    stm32f4xx_it.o(i.SysTick_Handler) refers to stm32f4xx_hal.o(i.HAL_IncTick) for HAL_IncTick
    usart.o(i.init_USART) refers to usart.o(.data) for USARTdrv
    usart.o(i.tx_USART) refers to usart.o(.data) for USARTdrv
    usart.o(.data) refers to usart_stm32f4xx.o(.constdata) for Driver_USART3
    watchdog.o(i.init_Watchdog) refers to stm32f4xx_hal_iwdg.o(i.HAL_IWDG_Init) for HAL_IWDG_Init
    watchdog.o(i.init_Watchdog) refers to watchdog.o(.bss) for IwdgHandle
    watchdog.o(i.reset_Watchdog) refers to stm32f4xx_hal_iwdg.o(i.HAL_IWDG_Refresh) for HAL_IWDG_Refresh
    watchdog.o(i.reset_Watchdog) refers to watchdog.o(.bss) for IwdgHandle
    usart_stm32f4xx.o(i.USART3_Control) refers to usart_stm32f4xx.o(i.USART_Control) for USART_Control
    usart_stm32f4xx.o(i.USART3_Control) refers to usart_stm32f4xx.o(.constdata) for USART3_Resources
    usart_stm32f4xx.o(i.USART3_GetCapabilities) refers to usart_stm32f4xx.o(i.USART_GetCapabilities) for USART_GetCapabilities
    usart_stm32f4xx.o(i.USART3_GetCapabilities) refers to usart_stm32f4xx.o(.constdata) for USART3_Resources
    usart_stm32f4xx.o(i.USART3_GetModemStatus) refers to usart_stm32f4xx.o(i.USART_GetModemStatus) for USART_GetModemStatus
    usart_stm32f4xx.o(i.USART3_GetModemStatus) refers to usart_stm32f4xx.o(.constdata) for USART3_Resources
    usart_stm32f4xx.o(i.USART3_GetRxCount) refers to usart_stm32f4xx.o(i.USART_GetRxCount) for USART_GetRxCount
    usart_stm32f4xx.o(i.USART3_GetRxCount) refers to usart_stm32f4xx.o(.constdata) for USART3_Resources
    usart_stm32f4xx.o(i.USART3_GetStatus) refers to usart_stm32f4xx.o(i.USART_GetStatus) for USART_GetStatus
    usart_stm32f4xx.o(i.USART3_GetStatus) refers to usart_stm32f4xx.o(.constdata) for USART3_Resources
    usart_stm32f4xx.o(i.USART3_GetTxCount) refers to usart_stm32f4xx.o(i.USART_GetTxCount) for USART_GetTxCount
    usart_stm32f4xx.o(i.USART3_GetTxCount) refers to usart_stm32f4xx.o(.constdata) for USART3_Resources
    usart_stm32f4xx.o(i.USART3_IRQHandler) refers to usart_stm32f4xx.o(i.USART_IRQHandler) for USART_IRQHandler
    usart_stm32f4xx.o(i.USART3_IRQHandler) refers to usart_stm32f4xx.o(.constdata) for USART3_Resources
    usart_stm32f4xx.o(i.USART3_Initialize) refers to usart_stm32f4xx.o(i.USART_Initialize) for USART_Initialize
    usart_stm32f4xx.o(i.USART3_Initialize) refers to usart_stm32f4xx.o(.constdata) for USART3_Resources
    usart_stm32f4xx.o(i.USART3_PowerControl) refers to usart_stm32f4xx.o(i.USART_PowerControl) for USART_PowerControl
    usart_stm32f4xx.o(i.USART3_PowerControl) refers to usart_stm32f4xx.o(.constdata) for USART3_Resources
    usart_stm32f4xx.o(i.USART3_Receive) refers to usart_stm32f4xx.o(i.USART_Receive) for USART_Receive
    usart_stm32f4xx.o(i.USART3_Receive) refers to usart_stm32f4xx.o(.constdata) for USART3_Resources
    usart_stm32f4xx.o(i.USART3_Send) refers to usart_stm32f4xx.o(i.USART_Send) for USART_Send
    usart_stm32f4xx.o(i.USART3_Send) refers to usart_stm32f4xx.o(.constdata) for USART3_Resources
    usart_stm32f4xx.o(i.USART3_SetModemControl) refers to usart_stm32f4xx.o(i.USART_SetModemControl) for USART_SetModemControl
    usart_stm32f4xx.o(i.USART3_SetModemControl) refers to usart_stm32f4xx.o(.constdata) for USART3_Resources
    usart_stm32f4xx.o(i.USART3_Transfer) refers to usart_stm32f4xx.o(i.USART_Transfer) for USART_Transfer
[...]
    i.USART_Send                             0x08004c8a   Section        0  usart_stm32f4xx.o(i.USART_Send)
    USART_Send                               0x08004c8b   Thumb Code   136  usart_stm32f4xx.o(i.USART_Send)
    i.USART_SetModemControl                  0x08004d12   Section        0  usart_stm32f4xx.o(i.USART_SetModemControl)
    USART_SetModemControl                    0x08004d13   Thumb Code   140  usart_stm32f4xx.o(i.USART_SetModemControl)
    i.USART_Transfer                         0x08004d9e   Section        0  usart_stm32f4xx.o(i.USART_Transfer)
    USART_Transfer                           0x08004d9f   Thumb Code   106  usart_stm32f4xx.o(i.USART_Transfer)
    i.USART_Uninitialize                     0x08004e08   Section        0  usart_stm32f4xx.o(i.USART_Uninitialize)
    USART_Uninitialize                       0x08004e09   Thumb Code   106  usart_stm32f4xx.o(i.USART_Uninitialize)
    i.USARTx_GetVersion                      0x08004e74   Section        0  usart_stm32f4xx.o(i.USARTx_GetVersion)
    USARTx_GetVersion                        0x08004e75   Thumb Code    10  usart_stm32f4xx.o(i.USARTx_GetVersion)
    i.UsageFault_Handler                     0x08004e84   Section        0  stm32f4xx_it.o(i.UsageFault_Handler)
    i.__ARM_fpclassify                       0x08004e88   Section        0  fpclassify.o(i.__ARM_fpclassify)
    i.__NVIC_GetPriorityGrouping             0x08004eb8   Section        0  stm32f4xx_hal_cortex.o(i.__NVIC_GetPriorityGrouping)
    __NVIC_GetPriorityGrouping               0x08004eb9   Thumb Code    10  stm32f4xx_hal_cortex.o(i.__NVIC_GetPriorityGrouping)
    i.__NVIC_SetPriority                     0x08004ec8   Section        0  stm32f4xx_hal_cortex.o(i.__NVIC_SetPriority)
    __NVIC_SetPriority                       0x08004ec9   Thumb Code    32  stm32f4xx_hal_cortex.o(i.__NVIC_SetPriority)
    i._is_digit                              0x08004ef0   Section        0  __printf_wp.o(i._is_digit)
    i.fputc                                  0x08004efe   Section        0  fputc.o(i.fputc)
    i.init_USART                             0x08004f18   Section        0  usart.o(i.init_USART)
    i.init_Watchdog                          0x08004f74   Section        0  watchdog.o(i.init_Watchdog)
    i.main                                   0x08004fa0   Section        0  main.o(i.main)
    i.reset_Watchdog                         0x08005018   Section        0  watchdog.o(i.reset_Watchdog)
    i.tx_USART                               0x08005028   Section        0  usart.o(i.tx_USART)
    locale$$code                             0x08005078   Section       44  lc_numeric_c.o(locale$$code)
    locale$$code                             0x080050a4   Section       44  lc_ctype_c.o(locale$$code)
    x$fpl$fpinit                             0x080050d0   Section       10  fpinit.o(x$fpl$fpinit)
    $v0                                      0x080050d0   Number         0  fpinit.o(x$fpl$fpinit)
    x$fpl$printf1                            0x080050da   Section        4  printf1.o(x$fpl$printf1)
    $v0                                      0x080050da   Number         0  printf1.o(x$fpl$printf1)
    x$fpl$printf2                            0x080050de   Section        4  printf2.o(x$fpl$printf2)
    $v0                                      0x080050de   Number         0  printf2.o(x$fpl$printf2)
    x$fpl$usenofp                            0x080050e2   Section        0  usenofp.o(x$fpl$usenofp)
    .constdata                               0x080050e4   Section      136  usart_stm32f4xx.o(.constdata)
    usart_driver_version                     0x080050e4   Data           4  usart_stm32f4xx.o(.constdata)
    USART3_tx                                0x080050e8   Data          12  usart_stm32f4xx.o(.constdata)
    USART3_rx                                0x080050f4   Data          12  usart_stm32f4xx.o(.constdata)
    USART3_Resources                         0x08005100   Data          52  usart_stm32f4xx.o(.constdata)
    .constdata                               0x0800516c   Section       24  system_stm32f4xx.o(.constdata)
    .constdata                               0x08005184   Section        8  _printf_wctomb.o(.constdata)
    initial_mbstate                          0x08005184   Data           8  _printf_wctomb.o(.constdata)
    .constdata                               0x0800518c   Section       40  _printf_hex_int_ll_ptr.o(.constdata)
    uc_hextab                                0x0800518c   Data          20  _printf_hex_int_ll_ptr.o(.constdata)
    lc_hextab                                0x080051a0   Data          20  _printf_hex_int_ll_ptr.o(.constdata)
    .constdata                               0x080051b4   Section       17  __printf_flags_ss_wp.o(.constdata)
    maptable                                 0x080051b4   Data          17  __printf_flags_ss_wp.o(.constdata)
    .constdata                               0x080051c5   Section       38  _printf_fp_hex.o(.constdata)
    lc_hextab                                0x080051c5   Data          19  _printf_fp_hex.o(.constdata)
    uc_hextab                                0x080051d8   Data          19  _printf_fp_hex.o(.constdata)
    .constdata                               0x080051eb   Section        4  sys_io.o(.constdata)
    .constdata                               0x080051ef   Section        4  sys_io.o(.constdata)
    .constdata                               0x080051f3   Section        4  sys_io.o(.constdata)
    .constdata                               0x080051f8   Section      148  bigflt0.o(.constdata)
    tenpwrs_x                                0x080051f8   Data          60  bigflt0.o(.constdata)
    tenpwrs_i                                0x08005234   Data          64  bigflt0.o(.constdata)
    locale$$data                             0x080052ac   Section       28  lc_numeric_c.o(locale$$data)
    __lcnum_c_name                           0x080052b0   Data           2  lc_numeric_c.o(locale$$data)
    __lcnum_c_start                          0x080052b8   Data           0  lc_numeric_c.o(locale$$data)
    __lcnum_c_point                          0x080052c4   Data           0  lc_numeric_c.o(locale$$data)
    __lcnum_c_thousands                      0x080052c6   Data           0  lc_numeric_c.o(locale$$data)
    __lcnum_c_grouping                       0x080052c7   Data           0  lc_numeric_c.o(locale$$data)
    locale$$data                             0x080052c8   Section      272  lc_ctype_c.o(locale$$data)
    __lcnum_c_end                            0x080052c8   Data           0  lc_numeric_c.o(locale$$data)
    __lcctype_c_name                         0x080052cc   Data           2  lc_ctype_c.o(locale$$data)
    __lcctype_c_start                        0x080052d4   Data           0  lc_ctype_c.o(locale$$data)
    __lcctype_c_end                          0x080053d8   Data           0  lc_ctype_c.o(locale$$data)
    .data                                    0x20000000   Section        4  main.o(.data)
    .data                                    0x20000004   Section        4  usart.o(.data)
    USARTdrv                                 0x20000004   Data           4  usart.o(.data)
    .data                                    0x20000008   Section        9  stm32f4xx_hal.o(.data)
    .data                                    0x20000014   Section        4  system_stm32f4xx.o(.data)
    .data                                    0x20000018   Section        4  stdio_streams.o(.data)
    .data                                    0x2000001c   Section        4  stdio_streams.o(.data)
    .data                                    0x20000020   Section        4  stdio_streams.o(.data)
    .bss                                     0x20000024   Section      100  main.o(.bss)
    .bss                                     0x20000088   Section       12  watchdog.o(.bss)
    .bss                                     0x20000094   Section       56  usart_stm32f4xx.o(.bss)
    USART3_Info                              0x20000094   Data          20  usart_stm32f4xx.o(.bss)
    USART3_TransferInfo                      0x200000a8   Data          36  usart_stm32f4xx.o(.bss)
    .bss                                     0x200000cc   Section       84  stdio_streams.o(.bss)
    .bss                                     0x20000120   Section       84  stdio_streams.o(.bss)
    .bss                                     0x20000174   Section       84  stdio_streams.o(.bss)
    .bss                                     0x200001c8   Section       96  libspace.o(.bss)
    HEAP                                     0x20000228   Section      512  startup_stm32f429xx.o(HEAP)
    Heap_Mem                                 0x20000228   Data         512  startup_stm32f429xx.o(HEAP)
    STACK                                    0x20000428   Section     1024  startup_stm32f429xx.o(STACK)
    Stack_Mem                                0x20000428   Data        1024  startup_stm32f429xx.o(STACK)
    __initial_sp                             0x20000828   Data           0  startup_stm32f429xx.o(STACK)

    Global Symbols

    Symbol Name                              Value     Ov Type        Size  Object(Section)

    BuildAttributes$$THM_ISAv4$E$P$D$K$B$S$7EM$VFPi3$EXTD16$VFPS$VFMA$PE$A:L22UL41UL21$X:L11$S22US41US21$IEEE1$IW$USESV6$~STKCKD$USESV7$~SHL$OTIME$ROPI$IEEEJ$EBA8$UX$STANDARDLIB$REQ8$PRES8$EABIv2 0x00000000   Number         0  anon$$obj.o ABSOLUTE
    __ARM_use_no_argv                        0x00000000   Number         0  main.o ABSOLUTE
    _printf_flags                            0x00000000   Number         0  printf_stubs.o ABSOLUTE
    _printf_return_value                     0x00000000   Number         0  printf_stubs.o ABSOLUTE
    _printf_sizespec                         0x00000000   Number         0  printf_stubs.o ABSOLUTE
    _printf_widthprec                        0x00000000   Number         0  printf_stubs.o ABSOLUTE
    __ARM_exceptions_init                     - Undefined Weak Reference
    __alloca_initialize                       - Undefined Weak Reference
    __arm_preinit_                            - Undefined Weak Reference
    __cpp_initialize__aeabi_                  - Undefined Weak Reference
    __cxa_finalize                            - Undefined Weak Reference
    __sigvec_lookup                           - Undefined Weak Reference
    __user_heap_extent                        - Undefined Weak Reference
    _atexit_init                              - Undefined Weak Reference
    _call_atexit_fns                          - Undefined Weak Reference
    _clock_init                               - Undefined Weak Reference
    _fp_trap_init                             - Undefined Weak Reference
    _fp_trap_shutdown                         - Undefined Weak Reference
    _get_lc_collate                           - Undefined Weak Reference
    _get_lc_monetary                          - Undefined Weak Reference
    _get_lc_time                              - Undefined Weak Reference
    _getenv_init                              - Undefined Weak Reference
    _handle_redirection                       - Undefined Weak Reference
    _mutex_acquire                            - Undefined Weak Reference
    _mutex_free                               - Undefined Weak Reference
    _mutex_release                            - Undefined Weak Reference
    _printf_mbtowc                            - Undefined Weak Reference
    _printf_wc                                - Undefined Weak Reference
    _rand_init                                - Undefined Weak Reference
    _signal_finish                            - Undefined Weak Reference
    _signal_init                              - Undefined Weak Reference
    __Vectors_Size                           0x000001ac   Number         0  startup_stm32f429xx.o ABSOLUTE
    __Vectors                                0x08000000   Data           4  startup_stm32f429xx.o(RESET)
    __Vectors_End                            0x080001ac   Data           0  startup_stm32f429xx.o(RESET)
    __main                                   0x080001ad   Thumb Code     8  __main.o(!!!main)
    __scatterload                            0x080001b5   Thumb Code     0  __scatter.o(!!!scatter)
    __scatterload_rt2                        0x080001b5   Thumb Code    44  __scatter.o(!!!scatter)
    __scatterload_rt2_thumb_only             0x080001b5   Thumb Code     0  __scatter.o(!!!scatter)
    __scatterload_null                       0x080001c3   Thumb Code     0  __scatter.o(!!!scatter)
    __scatterload_copy                       0x080001e9   Thumb Code    26  __scatter_copy.o(!!handler_copy)
    __scatterload_zeroinit                   0x08000205   Thumb Code    28  __scatter_zi.o(!!handler_zi)
    _printf_n                                0x08000221   Thumb Code     0  _printf_n.o(.ARM.Collect$$_printf_percent$$00000001)
    _printf_percent                          0x08000221   Thumb Code     0  _printf_percent.o(.ARM.Collect$$_printf_percent$$00000000)
    _printf_p                                0x08000227   Thumb Code     0  _printf_p.o(.ARM.Collect$$_printf_percent$$00000002)
    _printf_f                                0x0800022d   Thumb Code     0  _printf_f.o(.ARM.Collect$$_printf_percent$$00000003)
    _printf_e                                0x08000233   Thumb Code     0  _printf_e.o(.ARM.Collect$$_printf_percent$$00000004)
    _printf_g                                0x08000239   Thumb Code     0  _printf_g.o(.ARM.Collect$$_printf_percent$$00000005)
    _printf_a                                0x0800023f   Thumb Code     0  _printf_a.o(.ARM.Collect$$_printf_percent$$00000006)
    _printf_ll                               0x08000245   Thumb Code     0  _printf_ll.o(.ARM.Collect$$_printf_percent$$00000007)
    _printf_i                                0x0800024f   Thumb Code     0  _printf_i.o(.ARM.Collect$$_printf_percent$$00000008)
    _printf_d                                0x08000255   Thumb Code     0  _printf_d.o(.ARM.Collect$$_printf_percent$$00000009)
    _printf_u                                0x0800025b   Thumb Code     0  _printf_u.o(.ARM.Collect$$_printf_percent$$0000000A)
    _printf_o                                0x08000261   Thumb Code     0  _printf_o.o(.ARM.Collect$$_printf_percent$$0000000B)
    _printf_x                                0x08000267   Thumb Code     0  _printf_x.o(.ARM.Collect$$_printf_percent$$0000000C)
    _printf_lli                              0x0800026d   Thumb Code     0  _printf_lli.o(.ARM.Collect$$_printf_percent$$0000000D)
    _printf_lld                              0x08000273   Thumb Code     0  _printf_lld.o(.ARM.Collect$$_printf_percent$$0000000E)
    _printf_llu                              0x08000279   Thumb Code     0  _printf_llu.o(.ARM.Collect$$_printf_percent$$0000000F)
    _printf_llo                              0x0800027f   Thumb Code     0  _printf_llo.o(.ARM.Collect$$_printf_percent$$00000010)
    _printf_llx                              0x08000285   Thumb Code     0  _printf_llx.o(.ARM.Collect$$_printf_percent$$00000011)
    _printf_l                                0x0800028b   Thumb Code     0  _printf_l.o(.ARM.Collect$$_printf_percent$$00000012)
    _printf_c                                0x08000295   Thumb Code     0  _printf_c.o(.ARM.Collect$$_printf_percent$$00000013)
    _printf_s                                0x0800029b   Thumb Code     0  _printf_s.o(.ARM.Collect$$_printf_percent$$00000014)
    _printf_lc                               0x080002a1   Thumb Code     0  _printf_lc.o(.ARM.Collect$$_printf_percent$$00000015)
    _printf_ls                               0x080002a7   Thumb Code     0  _printf_ls.o(.ARM.Collect$$_printf_percent$$00000016)
    _printf_percent_end                      0x080002ad   Thumb Code     0  _printf_percent_end.o(.ARM.Collect$$_printf_percent$$00000017)
    __rt_lib_init                            0x080002b1   Thumb Code     0  libinit.o(.ARM.Collect$$libinit$$00000000)
    __rt_lib_init_fp_1                       0x080002b3   Thumb Code     0  libinit2.o(.ARM.Collect$$libinit$$00000001)
    __rt_lib_init_heap_2                     0x080002b7   Thumb Code     0  libinit2.o(.ARM.Collect$$libinit$$00000005)
    __rt_lib_init_preinit_1                  0x080002b7   Thumb Code     0  libinit2.o(.ARM.Collect$$libinit$$00000004)
    __rt_lib_init_heap_1                     0x080002bf   Thumb Code     0  libinit2.o(.ARM.Collect$$libinit$$0000000A)
    __rt_lib_init_lc_common                  0x080002bf   Thumb Code     0  libinit2.o(.ARM.Collect$$libinit$$0000000F)
    __rt_lib_init_rand_1                     0x080002bf   Thumb Code     0  libinit2.o(.ARM.Collect$$libinit$$0000000E)
    __rt_lib_init_user_alloc_1               0x080002bf   Thumb Code     0  libinit2.o(.ARM.Collect$$libinit$$0000000C)
    __rt_lib_init_lc_collate_1               0x080002c5   Thumb Code     0  libinit2.o(.ARM.Collect$$libinit$$00000011)
    __rt_lib_init_lc_ctype_2                 0x080002c5   Thumb Code     0  libinit2.o(.ARM.Collect$$libinit$$00000012)
    __rt_lib_init_lc_ctype_1                 0x080002d1   Thumb Code     0  libinit2.o(.ARM.Collect$$libinit$$00000013)
    __rt_lib_init_lc_monetary_1              0x080002d1   Thumb Code     0  libinit2.o(.ARM.Collect$$libinit$$00000015)
    __rt_lib_init_lc_numeric_2               0x080002d1   Thumb Code     0  libinit2.o(.ARM.Collect$$libinit$$00000016)
    __rt_lib_init_atexit_1                   0x080002db   Thumb Code     0  libinit2.o(.ARM.Collect$$libinit$$0000001B)
    __rt_lib_init_clock_1                    0x080002db   Thumb Code     0  libinit2.o(.ARM.Collect$$libinit$$00000021)
    __rt_lib_init_fp_trap_1                  0x080002db   Thumb Code     0  libinit2.o(.ARM.Collect$$libinit$$0000001F)
    __rt_lib_init_getenv_1                   0x080002db   Thumb Code     0  libinit2.o(.ARM.Collect$$libinit$$00000023)
    __rt_lib_init_lc_numeric_1               0x080002db   Thumb Code     0  libinit2.o(.ARM.Collect$$libinit$$00000017)
    __rt_lib_init_lc_time_1                  0x080002db   Thumb Code     0  libinit2.o(.ARM.Collect$$libinit$$00000019)
    __rt_lib_init_signal_1                   0x080002db   Thumb Code     0  libinit2.o(.ARM.Collect$$libinit$$0000001D)
    __rt_lib_init_stdio_2                    0x080002db   Thumb Code     0  libinit2.o(.ARM.Collect$$libinit$$00000024)
    __rt_lib_init_alloca_1                   0x080002df   Thumb Code     0  libinit2.o(.ARM.Collect$$libinit$$0000002E)
    __rt_lib_init_argv_1                     0x080002df   Thumb Code     0  libinit2.o(.ARM.Collect$$libinit$$0000002C)
    __rt_lib_init_cpp_1                      0x080002df   Thumb Code     0  libinit2.o(.ARM.Collect$$libinit$$00000032)
    __rt_lib_init_exceptions_1               0x080002df   Thumb Code     0  libinit2.o(.ARM.Collect$$libinit$$00000030)
    __rt_lib_init_return                     0x080002df   Thumb Code     0  libinit2.o(.ARM.Collect$$libinit$$00000033)
    __rt_lib_init_stdio_1                    0x080002df   Thumb Code     0  libinit2.o(.ARM.Collect$$libinit$$00000025)
    __rt_lib_shutdown                        0x080002e1   Thumb Code     0  libshutdown.o(.ARM.Collect$$libshutdown$$00000000)
    __rt_lib_shutdown_cpp_1                  0x080002e3   Thumb Code     0  libshutdown2.o(.ARM.Collect$$libshutdown$$00000002)
    __rt_lib_shutdown_stdio_2                0x080002e3   Thumb Code     0  libshutdown2.o(.ARM.Collect$$libshutdown$$00000003)
    __rt_lib_shutdown_fp_trap_1              0x080002e7   Thumb Code     0  libshutdown2.o(.ARM.Collect$$libshutdown$$00000007)
    __rt_lib_shutdown_heap_1                 0x080002e7   Thumb Code     0  libshutdown2.o(.ARM.Collect$$libshutdown$$0000000F)
    __rt_lib_shutdown_return                 0x080002e7   Thumb Code     0  libshutdown2.o(.ARM.Collect$$libshutdown$$00000010)
    __rt_lib_shutdown_signal_1               0x080002e7   Thumb Code     0  libshutdown2.o(.ARM.Collect$$libshutdown$$0000000A)
    __rt_lib_shutdown_stdio_1                0x080002e7   Thumb Code     0  libshutdown2.o(.ARM.Collect$$libshutdown$$00000004)
    __rt_lib_shutdown_user_alloc_1           0x080002e7   Thumb Code     0  libshutdown2.o(.ARM.Collect$$libshutdown$$0000000C)
    __rt_entry                               0x080002e9   Thumb Code     0  __rtentry.o(.ARM.Collect$$rtentry$$00000000)
    __rt_entry_presh_1                       0x080002e9   Thumb Code     0  __rtentry2.o(.ARM.Collect$$rtentry$$00000002)
    __rt_entry_sh                            0x080002e9   Thumb Code     0  __rtentry4.o(.ARM.Collect$$rtentry$$00000004)
    __rt_entry_li                            0x080002ef   Thumb Code     0  __rtentry2.o(.ARM.Collect$$rtentry$$0000000A)
    __rt_entry_postsh_1                      0x080002ef   Thumb Code     0  __rtentry2.o(.ARM.Collect$$rtentry$$00000009)
    __rt_entry_main                          0x080002f3   Thumb Code     0  __rtentry2.o(.ARM.Collect$$rtentry$$0000000D)
    __rt_entry_postli_1                      0x080002f3   Thumb Code     0  __rtentry2.o(.ARM.Collect$$rtentry$$0000000C)
    __rt_exit                                0x080002fb   Thumb Code     0  rtexit.o(.ARM.Collect$$rtexit$$00000000)
    __rt_exit_ls                             0x080002fd   Thumb Code     0  rtexit2.o(.ARM.Collect$$rtexit$$00000003)
    __rt_exit_prels_1                        0x080002fd   Thumb Code     0  rtexit2.o(.ARM.Collect$$rtexit$$00000002)
    __rt_exit_exit                           0x08000301   Thumb Code     0  rtexit2.o(.ARM.Collect$$rtexit$$00000004)
    Reset_Handler                            0x08000309   Thumb Code     8  startup_stm32f429xx.o(.text)
    _maybe_terminate_alloc                   0x08000309   Thumb Code     0  maybetermalloc1.o(.emb_text)
    ADC_IRQHandler                           0x08000323   Thumb Code     0  startup_stm32f429xx.o(.text)
    CAN1_RX0_IRQHandler                      0x08000323   Thumb Code     0  startup_stm32f429xx.o(.text)
    CAN1_RX1_IRQHandler                      0x08000323   Thumb Code     0  startup_stm32f429xx.o(.text)
    CAN1_SCE_IRQHandler                      0x08000323   Thumb Code     0  startup_stm32f429xx.o(.text)
    CAN1_TX_IRQHandler                       0x08000323   Thumb Code     0  startup_stm32f429xx.o(.text)
    CAN2_RX0_IRQHandler                      0x08000323   Thumb Code     0  startup_stm32f429xx.o(.text)
    CAN2_RX1_IRQHandler                      0x08000323   Thumb Code     0  startup_stm32f429xx.o(.text)
    CAN2_SCE_IRQHandler                      0x08000323   Thumb Code     0  startup_stm32f429xx.o(.text)
    CAN2_TX_IRQHandler                       0x08000323   Thumb Code     0  startup_stm32f429xx.o(.text)
    DCMI_IRQHandler                          0x08000323   Thumb Code     0  startup_stm32f429xx.o(.text)
    DMA1_Stream0_IRQHandler                  0x08000323   Thumb Code     0  startup_stm32f429xx.o(.text)
    DMA1_Stream1_IRQHandler                  0x08000323   Thumb Code     0  startup_stm32f429xx.o(.text)
    DMA1_Stream2_IRQHandler                  0x08000323   Thumb Code     0  startup_stm32f429xx.o(.text)
    DMA1_Stream3_IRQHandler                  0x08000323   Thumb Code     0  startup_stm32f429xx.o(.text)
    DMA1_Stream4_IRQHandler                  0x08000323   Thumb Code     0  startup_stm32f429xx.o(.text)
    DMA1_Stream5_IRQHandler                  0x08000323   Thumb Code     0  startup_stm32f429xx.o(.text)
    DMA1_Stream6_IRQHandler                  0x08000323   Thumb Code     0  startup_stm32f429xx.o(.text)
    DMA1_Stream7_IRQHandler                  0x08000323   Thumb Code     0  startup_stm32f429xx.o(.text)
    DMA2D_IRQHandler                         0x08000323   Thumb Code     0  startup_stm32f429xx.o(.text)
    DMA2_Stream0_IRQHandler                  0x08000323   Thumb Code     0  startup_stm32f429xx.o(.text)
    DMA2_Stream1_IRQHandler                  0x08000323   Thumb Code     0  startup_stm32f429xx.o(.text)
    DMA2_Stream2_IRQHandler                  0x08000323   Thumb Code     0  startup_stm32f429xx.o(.text)
    DMA2_Stream3_IRQHandler                  0x08000323   Thumb Code     0  startup_stm32f429xx.o(.text)
    DMA2_Stream4_IRQHandler                  0x08000323   Thumb Code     0  startup_stm32f429xx.o(.text)
    DMA2_Stream5_IRQHandler                  0x08000323   Thumb Code     0  startup_stm32f429xx.o(.text)
    DMA2_Stream6_IRQHandler                  0x08000323   Thumb Code     0  startup_stm32f429xx.o(.text)
    DMA2_Stream7_IRQHandler                  0x08000323   Thumb Code     0  startup_stm32f429xx.o(.text)
    ETH_IRQHandler                           0x08000323   Thumb Code     0  startup_stm32f429xx.o(.text)
    ETH_WKUP_IRQHandler                      0x08000323   Thumb Code     0  startup_stm32f429xx.o(.text)
    EXTI0_IRQHandler                         0x08000323   Thumb Code     0  startup_stm32f429xx.o(.text)
    EXTI15_10_IRQHandler                     0x08000323   Thumb Code     0  startup_stm32f429xx.o(.text)
    EXTI1_IRQHandler                         0x08000323   Thumb Code     0  startup_stm32f429xx.o(.text)
    EXTI2_IRQHandler                         0x08000323   Thumb Code     0  startup_stm32f429xx.o(.text)
    EXTI3_IRQHandler                         0x08000323   Thumb Code     0  startup_stm32f429xx.o(.text)
    EXTI4_IRQHandler                         0x08000323   Thumb Code     0  startup_stm32f429xx.o(.text)
    EXTI9_5_IRQHandler                       0x08000323   Thumb Code     0  startup_stm32f429xx.o(.text)
    FLASH_IRQHandler                         0x08000323   Thumb Code     0  startup_stm32f429xx.o(.text)
    FMC_IRQHandler                           0x08000323   Thumb Code     0  startup_stm32f429xx.o(.text)
    FPU_IRQHandler                           0x08000323   Thumb Code     0  startup_stm32f429xx.o(.text)
    HASH_RNG_IRQHandler                      0x08000323   Thumb Code     0  startup_stm32f429xx.o(.text)
    I2C1_ER_IRQHandler                       0x08000323   Thumb Code     0  startup_stm32f429xx.o(.text)
    I2C1_EV_IRQHandler                       0x08000323   Thumb Code     0  startup_stm32f429xx.o(.text)
    I2C2_ER_IRQHandler                       0x08000323   Thumb Code     0  startup_stm32f429xx.o(.text)
    I2C2_EV_IRQHandler                       0x08000323   Thumb Code     0  startup_stm32f429xx.o(.text)
    I2C3_ER_IRQHandler                       0x08000323   Thumb Code     0  startup_stm32f429xx.o(.text)
    I2C3_EV_IRQHandler                       0x08000323   Thumb Code     0  startup_stm32f429xx.o(.text)
    LTDC_ER_IRQHandler                       0x08000323   Thumb Code     0  startup_stm32f429xx.o(.text)
    LTDC_IRQHandler                          0x08000323   Thumb Code     0  startup_stm32f429xx.o(.text)
    OTG_FS_IRQHandler                        0x08000323   Thumb Code     0  startup_stm32f429xx.o(.text)
    OTG_FS_WKUP_IRQHandler                   0x08000323   Thumb Code     0  startup_stm32f429xx.o(.text)
    OTG_HS_EP1_IN_IRQHandler                 0x08000323   Thumb Code     0  startup_stm32f429xx.o(.text)
    OTG_HS_EP1_OUT_IRQHandler                0x08000323   Thumb Code     0  startup_stm32f429xx.o(.text)
    OTG_HS_IRQHandler                        0x08000323   Thumb Code     0  startup_stm32f429xx.o(.text)
    OTG_HS_WKUP_IRQHandler                   0x08000323   Thumb Code     0  startup_stm32f429xx.o(.text)
    PVD_IRQHandler                           0x08000323   Thumb Code     0  startup_stm32f429xx.o(.text)
    RCC_IRQHandler                           0x08000323   Thumb Code     0  startup_stm32f429xx.o(.text)
    RTC_Alarm_IRQHandler                     0x08000323   Thumb Code     0  startup_stm32f429xx.o(.text)
    RTC_WKUP_IRQHandler                      0x08000323   Thumb Code     0  startup_stm32f429xx.o(.text)
    SAI1_IRQHandler                          0x08000323   Thumb Code     0  startup_stm32f429xx.o(.text)
    SDIO_IRQHandler                          0x08000323   Thumb Code     0  startup_stm32f429xx.o(.text)
    SPI1_IRQHandler                          0x08000323   Thumb Code     0  startup_stm32f429xx.o(.text)
    SPI2_IRQHandler                          0x08000323   Thumb Code     0  startup_stm32f429xx.o(.text)
    SPI3_IRQHandler                          0x08000323   Thumb Code     0  startup_stm32f429xx.o(.text)
    SPI4_IRQHandler                          0x08000323   Thumb Code     0  startup_stm32f429xx.o(.text)
    SPI5_IRQHandler                          0x08000323   Thumb Code     0  startup_stm32f429xx.o(.text)
    SPI6_IRQHandler                          0x08000323   Thumb Code     0  startup_stm32f429xx.o(.text)
    TAMP_STAMP_IRQHandler                    0x08000323   Thumb Code     0  startup_stm32f429xx.o(.text)
    TIM1_BRK_TIM9_IRQHandler                 0x08000323   Thumb Code     0  startup_stm32f429xx.o(.text)
    TIM1_CC_IRQHandler                       0x08000323   Thumb Code     0  startup_stm32f429xx.o(.text)
    TIM1_TRG_COM_TIM11_IRQHandler            0x08000323   Thumb Code     0  startup_stm32f429xx.o(.text)
    TIM1_UP_TIM10_IRQHandler                 0x08000323   Thumb Code     0  startup_stm32f429xx.o(.text)
    TIM2_IRQHandler                          0x08000323   Thumb Code     0  startup_stm32f429xx.o(.text)
    TIM3_IRQHandler                          0x08000323   Thumb Code     0  startup_stm32f429xx.o(.text)
    TIM4_IRQHandler                          0x08000323   Thumb Code     0  startup_stm32f429xx.o(.text)
    TIM5_IRQHandler                          0x08000323   Thumb Code     0  startup_stm32f429xx.o(.text)
    TIM6_DAC_IRQHandler                      0x08000323   Thumb Code     0  startup_stm32f429xx.o(.text)
    TIM7_IRQHandler                          0x08000323   Thumb Code     0  startup_stm32f429xx.o(.text)
    TIM8_BRK_TIM12_IRQHandler                0x08000323   Thumb Code     0  startup_stm32f429xx.o(.text)
    TIM8_CC_IRQHandler                       0x08000323   Thumb Code     0  startup_stm32f429xx.o(.text)
    TIM8_TRG_COM_TIM14_IRQHandler            0x08000323   Thumb Code     0  startup_stm32f429xx.o(.text)
    TIM8_UP_TIM13_IRQHandler                 0x08000323   Thumb Code     0  startup_stm32f429xx.o(.text)
    UART4_IRQHandler                         0x08000323   Thumb Code     0  startup_stm32f429xx.o(.text)
    UART5_IRQHandler                         0x08000323   Thumb Code     0  startup_stm32f429xx.o(.text)
    UART7_IRQHandler                         0x08000323   Thumb Code     0  startup_stm32f429xx.o(.text)
    UART8_IRQHandler                         0x08000323   Thumb Code     0  startup_stm32f429xx.o(.text)
    USART1_IRQHandler                        0x08000323   Thumb Code     0  startup_stm32f429xx.o(.text)
    USART2_IRQHandler                        0x08000323   Thumb Code     0  startup_stm32f429xx.o(.text)
    USART6_IRQHandler                        0x08000323   Thumb Code     0  startup_stm32f429xx.o(.text)
    WWDG_IRQHandler                          0x08000323   Thumb Code     0  startup_stm32f429xx.o(.text)
    __user_initial_stackheap                 0x08000325   Thumb Code     0  startup_stm32f429xx.o(.text)
    __aeabi_uldivmod                         0x08000349   Thumb Code     0  lludivv7m.o(.text)
    _ll_udiv                                 0x08000349   Thumb Code   238  lludivv7m.o(.text)
    printf                                   0x08000439   Thumb Code    20  printf.o(.text)
    __2sprintf                               0x08000451   Thumb Code    38  __2sprintf.o(.text)
    __aeabi_memclr4                          0x0800047d   Thumb Code     0  rt_memclr_w.o(.text)
    __aeabi_memclr8                          0x0800047d   Thumb Code     0  rt_memclr_w.o(.text)
    __rt_memclr_w                            0x0800047d   Thumb Code    78  rt_memclr_w.o(.text)
    _memset_w                                0x08000481   Thumb Code     0  rt_memclr_w.o(.text)
    __use_two_region_memory                  0x080004cb   Thumb Code     2  heapauxi.o(.text)
    __rt_heap_escrow                         0x080004cd   Thumb Code     2  heapauxi.o(.text)
    __rt_heap_expand                         0x080004cf   Thumb Code     2  heapauxi.o(.text)
    _printf_pre_padding                      0x080004d1   Thumb Code    44  _printf_pad.o(.text)
    _printf_post_padding                     0x080004fd   Thumb Code    34  _printf_pad.o(.text)
    _printf_truncate_signed                  0x0800051f   Thumb Code    18  _printf_truncate.o(.text)
    _printf_truncate_unsigned                0x08000531   Thumb Code    18  _printf_truncate.o(.text)
    _printf_str                              0x08000543   Thumb Code    82  _printf_str.o(.text)
    _printf_int_dec                          0x08000595   Thumb Code   104  _printf_dec.o(.text)
    _printf_charcount                        0x0800060d   Thumb Code    40  _printf_charcount.o(.text)
    _printf_char_common                      0x0800063f   Thumb Code    32  _printf_char_common.o(.text)
    _sputc                                   0x08000665   Thumb Code    10  _sputc.o(.text)
    _printf_char_file                        0x08000671   Thumb Code    32  _printf_char_file.o(.text)
    _printf_wctomb                           0x08000695   Thumb Code   182  _printf_wctomb.o(.text)
    _printf_longlong_dec                     0x08000751   Thumb Code   108  _printf_longlong_dec.o(.text)
    _printf_longlong_oct                     0x080007cd   Thumb Code    66  _printf_oct_int_ll.o(.text)
    _printf_int_oct                          0x0800080f   Thumb Code    24  _printf_oct_int_ll.o(.text)
    _printf_ll_oct                           0x08000827   Thumb Code    12  _printf_oct_int_ll.o(.text)
    _printf_longlong_hex                     0x0800083d   Thumb Code    86  _printf_hex_int_ll_ptr.o(.text)
    _printf_int_hex                          0x08000893   Thumb Code    28  _printf_hex_int_ll_ptr.o(.text)
    _printf_ll_hex                           0x080008af   Thumb Code    12  _printf_hex_int_ll_ptr.o(.text)
    _printf_hex_ptr                          0x080008bb   Thumb Code    18  _printf_hex_int_ll_ptr.o(.text)
    __printf                                 0x080008d1   Thumb Code   388  __printf_flags_ss_wp.o(.text)
    _ll_udiv10                               0x08000a59   Thumb Code   138  lludiv10.o(.text)
    _printf_int_common                       0x08000ae3   Thumb Code   178  _printf_intcommon.o(.text)
    __lib_sel_fp_printf                      0x08000b95   Thumb Code     2  _printf_fp_dec.o(.text)
    _printf_fp_dec_real                      0x08000d47   Thumb Code   620  _printf_fp_dec.o(.text)
    _printf_fp_hex_real                      0x08000fb5   Thumb Code   756  _printf_fp_hex.o(.text)
    _printf_cs_common                        0x080012b1   Thumb Code    20  _printf_char.o(.text)
    _printf_char                             0x080012c5   Thumb Code    16  _printf_char.o(.text)
    _printf_string                           0x080012d5   Thumb Code     8  _printf_char.o(.text)
    _printf_lcs_common                       0x080012dd   Thumb Code    20  _printf_wchar.o(.text)
    _printf_wchar                            0x080012f1   Thumb Code    16  _printf_wchar.o(.text)
    _printf_wstring                          0x08001301   Thumb Code     8  _printf_wchar.o(.text)
    ferror                                   0x08001309   Thumb Code     8  ferror.o(.text)
    _initio                                  0x08001311   Thumb Code   210  initio.o(.text)
    _terminateio                             0x080013e3   Thumb Code    56  initio.o(.text)
    _wcrtomb                                 0x08001449   Thumb Code    64  _wcrtomb.o(.text)
    _sys_open                                0x08001489   Thumb Code    20  sys_io.o(.text)
    _sys_close                               0x0800149d   Thumb Code    12  sys_io.o(.text)
    _sys_write                               0x080014a9   Thumb Code    16  sys_io.o(.text)
    _sys_read                                0x080014b9   Thumb Code    14  sys_io.o(.text)
    _sys_istty                               0x080014c7   Thumb Code    12  sys_io.o(.text)
    _sys_seek                                0x080014d3   Thumb Code    14  sys_io.o(.text)
    _sys_ensure                              0x080014e1   Thumb Code     2  sys_io.o(.text)
    _sys_flen                                0x080014e3   Thumb Code    12  sys_io.o(.text)
    __user_setup_stackheap                   0x080014ef   Thumb Code    74  sys_stackheap_outer.o(.text)
    __rt_ctype_table                         0x08001539   Thumb Code    16  rt_ctype_table.o(.text)
    __rt_locale                              0x08001549   Thumb Code     8  rt_locale_intlibspace.o(.text)
    free                                     0x08001551   Thumb Code    78  h1_free.o(.text)
    _printf_fp_infnan                        0x080015a1   Thumb Code   112  _printf_fp_infnan.o(.text)
    _btod_etento                             0x08001621   Thumb Code   224  bigflt0.o(.text)
    __flsbuf                                 0x08001705   Thumb Code   470  flsbuf.o(.text)
    __flsbuf_byte                            0x08001705   Thumb Code     0  flsbuf.o(.text)
    __flsbuf_wide                            0x08001705   Thumb Code     0  flsbuf.o(.text)
    setvbuf                                  0x080018db   Thumb Code    70  setvbuf.o(.text)
    freopen                                  0x08001921   Thumb Code   158  fopen.o(.text)
    fopen                                    0x080019bf   Thumb Code    74  fopen.o(.text)
    _fclose_internal                         0x08001a0d   Thumb Code    76  fclose.o(.text)
    fclose                                   0x08001a0d   Thumb Code     0  fclose.o(.text)
    exit                                     0x08001a59   Thumb Code    18  exit.o(.text)
    __rt_SIGRTRED                            0x08001a6b   Thumb Code    14  defsig_rtred_outer.o(.text)
    __user_libspace                          0x08001a79   Thumb Code     8  libspace.o(.text)
    __user_perproc_libspace                  0x08001a79   Thumb Code     0  libspace.o(.text)
    __user_perthread_libspace                0x08001a79   Thumb Code     0  libspace.o(.text)
    __I$use$semihosting                      0x08001a81   Thumb Code     0  use_no_semi.o(.text)
    __use_no_semihosting_swi                 0x08001a81   Thumb Code     2  use_no_semi.o(.text)
    __semihosting_library_function           0x08001a83   Thumb Code     0  indicate_semi.o(.text)
    __rt_heap_descriptor                     0x08001a85   Thumb Code     8  rt_heap_descriptor_intlibspace.o(.text)
    __use_no_heap                            0x08001a8d   Thumb Code     2  hguard.o(.text)
    __heap$guard                             0x08001a8f   Thumb Code     2  hguard.o(.text)
    _terminate_user_alloc                    0x08001a91   Thumb Code     2  init_alloc.o(.text)
    _init_user_alloc                         0x08001a93   Thumb Code     2  init_alloc.o(.text)
    __Heap_Full                              0x08001a95   Thumb Code    34  init_alloc.o(.text)
    __Heap_Broken                            0x08001ab7   Thumb Code     6  init_alloc.o(.text)
    _init_alloc                              0x08001abd   Thumb Code    94  init_alloc.o(.text)
    malloc                                   0x08001b1b   Thumb Code    94  h1_alloc.o(.text)
    _fseek                                   0x08001b79   Thumb Code   242  fseek.o(.text)
    fseek                                    0x08001b79   Thumb Code     0  fseek.o(.text)
    _seterr                                  0x08001c71   Thumb Code    20  stdio.o(.text)
    _writebuf                                0x08001c85   Thumb Code    84  stdio.o(.text)
    _fflush                                  0x08001cd9   Thumb Code    70  stdio.o(.text)
    _deferredlazyseek                        0x08001d1f   Thumb Code    60  stdio.o(.text)
    __sig_exit                               0x08001d61   Thumb Code    10  defsig_exit.o(.text)
    __rt_SIGRTRED_inner                      0x08001d6d   Thumb Code    14  defsig_rtred_inner.o(.text)
    strlen                                   0x08001da1   Thumb Code    62  strlen.o(.text)
    strcmp                                   0x08001de1   Thumb Code   128  strcmpv7m.o(.text)
    _sys_exit                                0x08001e61   Thumb Code     8  sys_exit.o(.text)
    __Heap_Initialize                        0x08001e6d   Thumb Code    10  h1_init.o(.text)
    __Heap_DescSize                          0x08001e77   Thumb Code     4  h1_init.o(.text)
    __Heap_ProvideMemory                     0x08001e7b   Thumb Code    52  h1_extend.o(.text)
    _ftell_internal                          0x08001eaf   Thumb Code    66  ftell.o(.text)
    ftell                                    0x08001eaf   Thumb Code     0  ftell.o(.text)
    __default_signal_display                 0x08001ef1   Thumb Code    50  defsig_general.o(.text)
    __rt_SIGRTMEM                            0x08001f23   Thumb Code    14  defsig_rtmem_outer.o(.text)
    _ttywrch                                 0x08001f31   Thumb Code    14  sys_wrch.o(.text)
    __aeabi_errno_addr                       0x08001f41   Thumb Code     8  rt_errno_addr_intlibspace.o(.text)
    __errno$intlibspace                      0x08001f41   Thumb Code     0  rt_errno_addr_intlibspace.o(.text)
    __rt_errno_addr$intlibspace              0x08001f41   Thumb Code     0  rt_errno_addr_intlibspace.o(.text)
    __rt_SIGRTMEM_inner                      0x08001f49   Thumb Code    22  defsig_rtmem_inner.o(.text)
    _btod_d2e                                0x08001f99   Thumb Code    62  btod.o(CL$$btod_d2e)
    _d2e_denorm_low                          0x08001fd7   Thumb Code    70  btod.o(CL$$btod_d2e_denorm_low)
    _d2e_norm_op1                            0x0800201d   Thumb Code    96  btod.o(CL$$btod_d2e_norm_op1)
    __btod_div_common                        0x0800207d   Thumb Code   696  btod.o(CL$$btod_div_common)
    _e2e                                     0x080023b5   Thumb Code   220  btod.o(CL$$btod_e2e)
    _btod_ediv                               0x08002491   Thumb Code    42  btod.o(CL$$btod_ediv)
    _btod_emul                               0x080024bb   Thumb Code    42  btod.o(CL$$btod_emul)
    __btod_mult_common                       0x080024e5   Thumb Code   580  btod.o(CL$$btod_mult_common)
    BusFault_Handler                         0x08002729   Thumb Code     4  stm32f4xx_it.o(i.BusFault_Handler)
    DebugMon_Handler                         0x0800272d   Thumb Code     2  stm32f4xx_it.o(i.DebugMon_Handler)
    HAL_DMA_Abort                            0x08002a25   Thumb Code   170  stm32f4xx_hal_dma.o(i.HAL_DMA_Abort)
    HAL_GPIO_DeInit                          0x08002ad1   Thumb Code   336  stm32f4xx_hal_gpio.o(i.HAL_GPIO_DeInit)
    HAL_GPIO_Init                            0x08002c51   Thumb Code   486  stm32f4xx_hal_gpio.o(i.HAL_GPIO_Init)
    HAL_GPIO_ReadPin                         0x08002e6d   Thumb Code    16  stm32f4xx_hal_gpio.o(i.HAL_GPIO_ReadPin)
    HAL_GPIO_WritePin                        0x08002e7d   Thumb Code    12  stm32f4xx_hal_gpio.o(i.HAL_GPIO_WritePin)
    HAL_GetTick                              0x08002e89   Thumb Code     6  stm32f4xx_hal.o(i.HAL_GetTick)
    HAL_IWDG_Init                            0x08002e95   Thumb Code    80  stm32f4xx_hal_iwdg.o(i.HAL_IWDG_Init)
    HAL_IWDG_Refresh                         0x08002ee5   Thumb Code    14  stm32f4xx_hal_iwdg.o(i.HAL_IWDG_Refresh)
    HAL_IncTick                              0x08002ef5   Thumb Code    16  stm32f4xx_hal.o(i.HAL_IncTick)
    HAL_Init                                 0x08002f0d   Thumb Code    44  stm32f4xx_hal.o(i.HAL_Init)
    HAL_InitTick                             0x08002f3d   Thumb Code    64  stm32f4xx_hal.o(i.HAL_InitTick)
    HAL_MspInit                              0x08002f89   Thumb Code     2  stm32f4xx_hal_msp.o(i.HAL_MspInit)
    HAL_NVIC_DisableIRQ                      0x08002f8d   Thumb Code    38  stm32f4xx_hal_cortex.o(i.HAL_NVIC_DisableIRQ)
    HAL_NVIC_SetPriority                     0x08002fb9   Thumb Code   124  stm32f4xx_hal_cortex.o(i.HAL_NVIC_SetPriority)
    HAL_NVIC_SetPriorityGrouping             0x08003035   Thumb Code    32  stm32f4xx_hal_cortex.o(i.HAL_NVIC_SetPriorityGrouping)
    HAL_PWREx_EnableOverDrive                0x0800305d   Thumb Code   128  stm32f4xx_hal_pwr_ex.o(i.HAL_PWREx_EnableOverDrive)
    HAL_RCC_ClockConfig                      0x080030e9   Thumb Code   368  stm32f4xx_hal_rcc.o(i.HAL_RCC_ClockConfig)
    HAL_RCC_GetHCLKFreq                      0x0800326d   Thumb Code     6  stm32f4xx_hal_rcc.o(i.HAL_RCC_GetHCLKFreq)
    HAL_RCC_GetPCLK1Freq                     0x08003279   Thumb Code    22  stm32f4xx_hal_rcc.o(i.HAL_RCC_GetPCLK1Freq)
    HAL_RCC_GetSysClockFreq                  0x08003299   Thumb Code   162  stm32f4xx_hal_rcc.o(i.HAL_RCC_GetSysClockFreq)
    HAL_RCC_OscConfig                        0x08003349   Thumb Code  1152  stm32f4xx_hal_rcc.o(i.HAL_RCC_OscConfig)
    HAL_SYSTICK_Config                       0x080037d1   Thumb Code    52  stm32f4xx_hal_cortex.o(i.HAL_SYSTICK_Config)
    HardFault_Handler                        0x08003805   Thumb Code     4  stm32f4xx_it.o(i.HardFault_Handler)
    MemManage_Handler                        0x08003809   Thumb Code     4  stm32f4xx_it.o(i.MemManage_Handler)
    NMI_Handler                              0x0800380d   Thumb Code     2  stm32f4xx_it.o(i.NMI_Handler)
    PendSV_Handler                           0x0800380f   Thumb Code     2  stm32f4xx_it.o(i.PendSV_Handler)
    SVC_Handler                              0x08003811   Thumb Code     2  stm32f4xx_it.o(i.SVC_Handler)
    SysTick_Handler                          0x08003813   Thumb Code     8  stm32f4xx_it.o(i.SysTick_Handler)
    SystemInit                               0x080038ed   Thumb Code    24  system_stm32f4xx.o(i.SystemInit)
    USART3_IRQHandler                        0x08003971   Thumb Code    10  usart_stm32f4xx.o(i.USART3_IRQHandler)
    USART_IRQHandler                         0x080043e3   Thumb Code   626  usart_stm32f4xx.o(i.USART_IRQHandler)
    UsageFault_Handler                       0x08004e85   Thumb Code     4  stm32f4xx_it.o(i.UsageFault_Handler)
    __ARM_fpclassify                         0x08004e89   Thumb Code    48  fpclassify.o(i.__ARM_fpclassify)
    _is_digit                                0x08004ef1   Thumb Code    14  __printf_wp.o(i._is_digit)
    fputc                                    0x08004eff   Thumb Code    26  fputc.o(i.fputc)
    init_USART                               0x08004f19   Thumb Code    86  usart.o(i.init_USART)
    init_Watchdog                            0x08004f75   Thumb Code    34  watchdog.o(i.init_Watchdog)
    main                                     0x08004fa1   Thumb Code    78  main.o(i.main)
    reset_Watchdog                           0x08005019   Thumb Code    10  watchdog.o(i.reset_Watchdog)
    tx_USART                                 0x08005029   Thumb Code    74  usart.o(i.tx_USART)
    _get_lc_numeric                          0x08005079   Thumb Code    44  lc_numeric_c.o(locale$$code)
    _get_lc_ctype                            0x080050a5   Thumb Code    44  lc_ctype_c.o(locale$$code)
    _fp_init                                 0x080050d1   Thumb Code    10  fpinit.o(x$fpl$fpinit)
    __fplib_config_fpu_vfp                   0x080050d9   Thumb Code     0  fpinit.o(x$fpl$fpinit)
    __fplib_config_pureend_doubles           0x080050d9   Thumb Code     0  fpinit.o(x$fpl$fpinit)
    _printf_fp_dec                           0x080050db   Thumb Code     4  printf1.o(x$fpl$printf1)
    _printf_fp_hex                           0x080050df   Thumb Code     4  printf2.o(x$fpl$printf2)
    __I$use$fp                               0x080050e2   Number         0  usenofp.o(x$fpl$usenofp)
    Driver_USART3                            0x08005134   Data          56  usart_stm32f4xx.o(.constdata)
    AHBPrescTable                            0x0800516c   Data          16  system_stm32f4xx.o(.constdata)
    APBPrescTable                            0x0800517c   Data           8  system_stm32f4xx.o(.constdata)
    __stdin_name                             0x080051eb   Data           4  sys_io.o(.constdata)
    __stdout_name                            0x080051ef   Data           4  sys_io.o(.constdata)
    __stderr_name                            0x080051f3   Data           4  sys_io.o(.constdata)
    Region$$Table$$Base                      0x0800528c   Number         0  anon$$obj.o(Region$$Table)
    Region$$Table$$Limit                     0x080052ac   Number         0  anon$$obj.o(Region$$Table)
    __ctype                                  0x080052d5   Data           0  lc_ctype_c.o(locale$$data)
    size                                     0x20000000   Data           4  main.o(.data)
    uwTick                                   0x20000008   Data           4  stm32f4xx_hal.o(.data)
    uwTickPrio                               0x2000000c   Data           4  stm32f4xx_hal.o(.data)
    uwTickFreq                               0x20000010   Data           1  stm32f4xx_hal.o(.data)
    SystemCoreClock                          0x20000014   Data           4  system_stm32f4xx.o(.data)
    __aeabi_stdin                            0x20000018   Data           4  stdio_streams.o(.data)
    __aeabi_stdout                           0x2000001c   Data           4  stdio_streams.o(.data)
    __aeabi_stderr                           0x20000020   Data           4  stdio_streams.o(.data)
    buf                                      0x20000024   Data         100  main.o(.bss)
    IwdgHandle                               0x20000088   Data          12  watchdog.o(.bss)
    __stdin                                  0x200000cc   Data          84  stdio_streams.o(.bss)
    __stdout                                 0x20000120   Data          84  stdio_streams.o(.bss)
    __stderr                                 0x20000174   Data          84  stdio_streams.o(.bss)
    __libspace_start                         0x200001c8   Data          96  libspace.o(.bss)
    __temporary_stack_top$libspace           0x20000228   Data           0  libspace.o(.bss)



==============================================================================

Memory Map of the image

  Image Entry point : 0x080001ad

  Load Region LR_IROM1 (Base: 0x08000000, Size: 0x000053fc, Max: 0x00200000, ABSOLUTE)

    Execution Region ER_IROM1 (Exec base: 0x08000000, Load base: 0x08000000, Size: 0x000053d8, Max: 0x00200000, ABSOLUTE)

    Exec Addr    Load Addr    Size         Type   Attr      Idx    E Section Name        Object

    0x08000000   0x08000000   0x000001ac   Data   RO         1443    RESET               startup_stm32f429xx.o
    0x080001ac   0x080001ac   0x00000008   Code   RO         1529  * !!!main             c_w.l(__main.o)
    0x080001b4   0x080001b4   0x00000034   Code   RO         2045    !!!scatter          c_w.l(__scatter.o)
    0x080001e8   0x080001e8   0x0000001a   Code   RO         2047    !!handler_copy      c_w.l(__scatter_copy.o)
    0x08000202   0x08000202   0x00000002   PAD
    0x08000204   0x08000204   0x0000001c   Code   RO         2049    !!handler_zi        c_w.l(__scatter_zi.o)
    0x08000220   0x08000220   0x00000000   Code   RO         1619    .ARM.Collect$$_printf_percent$$00000000  c_w.l(_printf_percent.o)
    0x08000220   0x08000220   0x00000006   Code   RO         1608    .ARM.Collect$$_printf_percent$$00000001  c_w.l(_printf_n.o)
    0x08000226   0x08000226   0x00000006   Code   RO         1610    .ARM.Collect$$_printf_percent$$00000002  c_w.l(_printf_p.o)
    0x0800022c   0x0800022c   0x00000006   Code   RO         1615    .ARM.Collect$$_printf_percent$$00000003  c_w.l(_printf_f.o)
    0x08000232   0x08000232   0x00000006   Code   RO         1616    .ARM.Collect$$_printf_percent$$00000004  c_w.l(_printf_e.o)
    0x08000238   0x08000238   0x00000006   Code   RO         1617    .ARM.Collect$$_printf_percent$$00000005  c_w.l(_printf_g.o)
    0x0800023e   0x0800023e   0x00000006   Code   RO         1618    .ARM.Collect$$_printf_percent$$00000006  c_w.l(_printf_a.o)
    0x08000244   0x08000244   0x0000000a   Code   RO         1623    .ARM.Collect$$_printf_percent$$00000007  c_w.l(_printf_ll.o)
    0x0800024e   0x0800024e   0x00000006   Code   RO         1612    .ARM.Collect$$_printf_percent$$00000008  c_w.l(_printf_i.o)
    0x08000254   0x08000254   0x00000006   Code   RO         1613    .ARM.Collect$$_printf_percent$$00000009  c_w.l(_printf_d.o)
    0x0800025a   0x0800025a   0x00000006   Code   RO         1614    .ARM.Collect$$_printf_percent$$0000000A  c_w.l(_printf_u.o)
    0x08000260   0x08000260   0x00000006   Code   RO         1611    .ARM.Collect$$_printf_percent$$0000000B  c_w.l(_printf_o.o)
    0x08000266   0x08000266   0x00000006   Code   RO         1609    .ARM.Collect$$_printf_percent$$0000000C  c_w.l(_printf_x.o)
    0x0800026c   0x0800026c   0x00000006   Code   RO         1620    .ARM.Collect$$_printf_percent$$0000000D  c_w.l(_printf_lli.o)
    0x08000272   0x08000272   0x00000006   Code   RO         1621    .ARM.Collect$$_printf_percent$$0000000E  c_w.l(_printf_lld.o)
    0x08000278   0x08000278   0x00000006   Code   RO         1622    .ARM.Collect$$_printf_percent$$0000000F  c_w.l(_printf_llu.o)
    0x0800027e   0x0800027e   0x00000006   Code   RO         1627    .ARM.Collect$$_printf_percent$$00000010  c_w.l(_printf_llo.o)
    0x08000284   0x08000284   0x00000006   Code   RO         1628    .ARM.Collect$$_printf_percent$$00000011  c_w.l(_printf_llx.o)
    0x0800028a   0x0800028a   0x0000000a   Code   RO         1624    .ARM.Collect$$_printf_percent$$00000012  c_w.l(_printf_l.o)
    0x08000294   0x08000294   0x00000006   Code   RO         1606    .ARM.Collect$$_printf_percent$$00000013  c_w.l(_printf_c.o)
    0x0800029a   0x0800029a   0x00000006   Code   RO         1607    .ARM.Collect$$_printf_percent$$00000014  c_w.l(_printf_s.o)
    0x080002a0   0x080002a0   0x00000006   Code   RO         1625    .ARM.Collect$$_printf_percent$$00000015  c_w.l(_printf_lc.o)
    0x080002a6   0x080002a6   0x00000006   Code   RO         1626    .ARM.Collect$$_printf_percent$$00000016  c_w.l(_printf_ls.o)
    0x080002ac   0x080002ac   0x00000004   Code   RO         1675    .ARM.Collect$$_printf_percent$$00000017  c_w.l(_printf_percent_end.o)
    0x080002b0   0x080002b0   0x00000002   Code   RO         1822    .ARM.Collect$$libinit$$00000000  c_w.l(libinit.o)
    0x080002b2   0x080002b2   0x00000004   Code   RO         1823    .ARM.Collect$$libinit$$00000001  c_w.l(libinit2.o)
    0x080002b6   0x080002b6   0x00000000   Code   RO         1826    .ARM.Collect$$libinit$$00000004  c_w.l(libinit2.o)
    0x080002b6   0x080002b6   0x00000008   Code   RO         1827    .ARM.Collect$$libinit$$00000005  c_w.l(libinit2.o)
    0x080002be   0x080002be   0x00000000   Code   RO         1829    .ARM.Collect$$libinit$$0000000A  c_w.l(libinit2.o)
    0x080002be   0x080002be   0x00000000   Code   RO         1831    .ARM.Collect$$libinit$$0000000C  c_w.l(libinit2.o)
    0x080002be   0x080002be   0x00000000   Code   RO         1833    .ARM.Collect$$libinit$$0000000E  c_w.l(libinit2.o)
    0x080002be   0x080002be   0x00000006   Code   RO         1834    .ARM.Collect$$libinit$$0000000F  c_w.l(libinit2.o)
    0x080002c4   0x080002c4   0x00000000   Code   RO         1836    .ARM.Collect$$libinit$$00000011  c_w.l(libinit2.o)
    0x080002c4   0x080002c4   0x0000000c   Code   RO         1837    .ARM.Collect$$libinit$$00000012  c_w.l(libinit2.o)
    0x080002d0   0x080002d0   0x00000000   Code   RO         1838    .ARM.Collect$$libinit$$00000013  c_w.l(libinit2.o)
    0x080002d0   0x080002d0   0x00000000   Code   RO         1840    .ARM.Collect$$libinit$$00000015  c_w.l(libinit2.o)
    0x080002d0   0x080002d0   0x0000000a   Code   RO         1841    .ARM.Collect$$libinit$$00000016  c_w.l(libinit2.o)
    0x080002da   0x080002da   0x00000000   Code   RO         1842    .ARM.Collect$$libinit$$00000017  c_w.l(libinit2.o)
    0x080002da   0x080002da   0x00000000   Code   RO         1844    .ARM.Collect$$libinit$$00000019  c_w.l(libinit2.o)
    0x080002da   0x080002da   0x00000000   Code   RO         1846    .ARM.Collect$$libinit$$0000001B  c_w.l(libinit2.o)
    0x080002da   0x080002da   0x00000000   Code   RO         1848    .ARM.Collect$$libinit$$0000001D  c_w.l(libinit2.o)
    0x080002da   0x080002da   0x00000000   Code   RO         1850    .ARM.Collect$$libinit$$0000001F  c_w.l(libinit2.o)
    0x080002da   0x080002da   0x00000000   Code   RO         1852    .ARM.Collect$$libinit$$00000021  c_w.l(libinit2.o)
    0x080002da   0x080002da   0x00000000   Code   RO         1854    .ARM.Collect$$libinit$$00000023  c_w.l(libinit2.o)
    0x080002da   0x080002da   0x00000004   Code   RO         1855    .ARM.Collect$$libinit$$00000024  c_w.l(libinit2.o)
    0x080002de   0x080002de   0x00000000   Code   RO         1856    .ARM.Collect$$libinit$$00000025  c_w.l(libinit2.o)
    0x080002de   0x080002de   0x00000000   Code   RO         1860    .ARM.Collect$$libinit$$0000002C  c_w.l(libinit2.o)
    0x080002de   0x080002de   0x00000000   Code   RO         1862    .ARM.Collect$$libinit$$0000002E  c_w.l(libinit2.o)
    0x080002de   0x080002de   0x00000000   Code   RO         1864    .ARM.Collect$$libinit$$00000030  c_w.l(libinit2.o)
    0x080002de   0x080002de   0x00000000   Code   RO         1866    .ARM.Collect$$libinit$$00000032  c_w.l(libinit2.o)
    0x080002de   0x080002de   0x00000002   Code   RO         1867    .ARM.Collect$$libinit$$00000033  c_w.l(libinit2.o)
    0x080002e0   0x080002e0   0x00000002   Code   RO         2026    .ARM.Collect$$libshutdown$$00000000  c_w.l(libshutdown.o)
    0x080002e2   0x080002e2   0x00000000   Code   RO         1869    .ARM.Collect$$libshutdown$$00000002  c_w.l(libshutdown2.o)
    0x080002e2   0x080002e2   0x00000004   Code   RO         1870    .ARM.Collect$$libshutdown$$00000003  c_w.l(libshutdown2.o)
    0x080002e6   0x080002e6   0x00000000   Code   RO         1871    .ARM.Collect$$libshutdown$$00000004  c_w.l(libshutdown2.o)
    0x080002e6   0x080002e6   0x00000000   Code   RO         1874    .ARM.Collect$$libshutdown$$00000007  c_w.l(libshutdown2.o)
    0x080002e6   0x080002e6   0x00000000   Code   RO         1877    .ARM.Collect$$libshutdown$$0000000A  c_w.l(libshutdown2.o)
    0x080002e6   0x080002e6   0x00000000   Code   RO         1879    .ARM.Collect$$libshutdown$$0000000C  c_w.l(libshutdown2.o)
    0x080002e6   0x080002e6   0x00000000   Code   RO         1882    .ARM.Collect$$libshutdown$$0000000F  c_w.l(libshutdown2.o)
    0x080002e6   0x080002e6   0x00000002   Code   RO         1883    .ARM.Collect$$libshutdown$$00000010  c_w.l(libshutdown2.o)
    0x080002e8   0x080002e8   0x00000000   Code   RO         1531    .ARM.Collect$$rtentry$$00000000  c_w.l(__rtentry.o)
    0x080002e8   0x080002e8   0x00000000   Code   RO         1644    .ARM.Collect$$rtentry$$00000002  c_w.l(__rtentry2.o)
    0x080002e8   0x080002e8   0x00000006   Code   RO         1656    .ARM.Collect$$rtentry$$00000004  c_w.l(__rtentry4.o)
    0x080002ee   0x080002ee   0x00000000   Code   RO         1646    .ARM.Collect$$rtentry$$00000009  c_w.l(__rtentry2.o)
    0x080002ee   0x080002ee   0x00000004   Code   RO         1647    .ARM.Collect$$rtentry$$0000000A  c_w.l(__rtentry2.o)
    0x080002f2   0x080002f2   0x00000000   Code   RO         1649    .ARM.Collect$$rtentry$$0000000C  c_w.l(__rtentry2.o)
    0x080002f2   0x080002f2   0x00000008   Code   RO         1650    .ARM.Collect$$rtentry$$0000000D  c_w.l(__rtentry2.o)
    0x080002fa   0x080002fa   0x00000002   Code   RO         1897    .ARM.Collect$$rtexit$$00000000  c_w.l(rtexit.o)
    0x080002fc   0x080002fc   0x00000000   Code   RO         1962    .ARM.Collect$$rtexit$$00000002  c_w.l(rtexit2.o)
    0x080002fc   0x080002fc   0x00000004   Code   RO         1963    .ARM.Collect$$rtexit$$00000003  c_w.l(rtexit2.o)
    0x08000300   0x08000300   0x00000006   Code   RO         1964    .ARM.Collect$$rtexit$$00000004  c_w.l(rtexit2.o)
    0x08000306   0x08000306   0x00000002   PAD
    0x08000308   0x08000308   0x00000000   Code   RO         1968    .emb_text           c_w.l(maybetermalloc1.o)
    0x08000308   0x08000308   0x00000040   Code   RO         1444    .text               startup_stm32f429xx.o
    0x08000348   0x08000348   0x000000ee   Code   RO         1517    .text               c_w.l(lludivv7m.o)
    0x08000436   0x08000436   0x00000002   PAD
    0x08000438   0x08000438   0x00000018   Code   RO         1519    .text               c_w.l(printf.o)
    0x08000450   0x08000450   0x0000002c   Code   RO         1521    .text               c_w.l(__2sprintf.o)
    0x0800047c   0x0800047c   0x0000004e   Code   RO         1525    .text               c_w.l(rt_memclr_w.o)
    0x080004ca   0x080004ca   0x00000006   Code   RO         1527    .text               c_w.l(heapauxi.o)
    0x080004d0   0x080004d0   0x0000004e   Code   RO         1538    .text               c_w.l(_printf_pad.o)
    0x0800051e   0x0800051e   0x00000024   Code   RO         1540    .text               c_w.l(_printf_truncate.o)
    0x08000542   0x08000542   0x00000052   Code   RO         1542    .text               c_w.l(_printf_str.o)
    0x08000594   0x08000594   0x00000078   Code   RO         1544    .text               c_w.l(_printf_dec.o)
    0x0800060c   0x0800060c   0x00000028   Code   RO         1546    .text               c_w.l(_printf_charcount.o)
    0x08000634   0x08000634   0x00000030   Code   RO         1548    .text               c_w.l(_printf_char_common.o)
    0x08000664   0x08000664   0x0000000a   Code   RO         1550    .text               c_w.l(_sputc.o)
    0x0800066e   0x0800066e   0x00000002   PAD
    0x08000670   0x08000670   0x00000024   Code   RO         1552    .text               c_w.l(_printf_char_file.o)
    0x08000694   0x08000694   0x000000bc   Code   RO         1554    .text               c_w.l(_printf_wctomb.o)
    0x08000750   0x08000750   0x0000007c   Code   RO         1557    .text               c_w.l(_printf_longlong_dec.o)
    0x080007cc   0x080007cc   0x00000070   Code   RO         1563    .text               c_w.l(_printf_oct_int_ll.o)
    0x0800083c   0x0800083c   0x00000094   Code   RO         1583    .text               c_w.l(_printf_hex_int_ll_ptr.o)
    0x080008d0   0x080008d0   0x00000188   Code   RO         1603    .text               c_w.l(__printf_flags_ss_wp.o)
    0x08000a58   0x08000a58   0x0000008a   Code   RO         1660    .text               c_w.l(lludiv10.o)
    0x08000ae2   0x08000ae2   0x000000b2   Code   RO         1662    .text               c_w.l(_printf_intcommon.o)
    0x08000b94   0x08000b94   0x0000041e   Code   RO         1664    .text               c_w.l(_printf_fp_dec.o)
    0x08000fb2   0x08000fb2   0x00000002   PAD
    0x08000fb4   0x08000fb4   0x000002fc   Code   RO         1666    .text               c_w.l(_printf_fp_hex.o)
    0x080012b0   0x080012b0   0x0000002c   Code   RO         1671    .text               c_w.l(_printf_char.o)
    0x080012dc   0x080012dc   0x0000002c   Code   RO         1673    .text               c_w.l(_printf_wchar.o)
    0x08001308   0x08001308   0x00000008   Code   RO         1676    .text               c_w.l(ferror.o)
    0x08001310   0x08001310   0x00000138   Code   RO         1682    .text               c_w.l(initio.o)
    0x08001448   0x08001448   0x00000040   Code   RO         1690    .text               c_w.l(_wcrtomb.o)
    0x08001488   0x08001488   0x00000066   Code   RO         1692    .text               c_w.l(sys_io.o)
    0x080014ee   0x080014ee   0x0000004a   Code   RO         1699    .text               c_w.l(sys_stackheap_outer.o)
    0x08001538   0x08001538   0x00000010   Code   RO         1701    .text               c_w.l(rt_ctype_table.o)
    0x08001548   0x08001548   0x00000008   Code   RO         1706    .text               c_w.l(rt_locale_intlibspace.o)
    0x08001550   0x08001550   0x0000004e   Code   RO         1710    .text               c_w.l(h1_free.o)
    0x0800159e   0x0800159e   0x00000002   PAD
    0x080015a0   0x080015a0   0x00000080   Code   RO         1764    .text               c_w.l(_printf_fp_infnan.o)
    0x08001620   0x08001620   0x000000e4   Code   RO         1766    .text               c_w.l(bigflt0.o)
    0x08001704   0x08001704   0x000001d6   Code   RO         1791    .text               c_w.l(flsbuf.o)
    0x080018da   0x080018da   0x00000046   Code   RO         1793    .text               c_w.l(setvbuf.o)
    0x08001920   0x08001920   0x000000ec   Code   RO         1796    .text               c_w.l(fopen.o)
    0x08001a0c   0x08001a0c   0x0000004c   Code   RO         1798    .text               c_w.l(fclose.o)
    0x08001a58   0x08001a58   0x00000012   Code   RO         1807    .text               c_w.l(exit.o)
    0x08001a6a   0x08001a6a   0x0000000e   Code   RO         1813    .text               c_w.l(defsig_rtred_outer.o)
    0x08001a78   0x08001a78   0x00000008   Code   RO         1891    .text               c_w.l(libspace.o)
    0x08001a80   0x08001a80   0x00000002   Code   RO         1894    .text               c_w.l(use_no_semi.o)
    0x08001a82   0x08001a82   0x00000000   Code   RO         1896    .text               c_w.l(indicate_semi.o)
    0x08001a82   0x08001a82   0x00000002   PAD
    0x08001a84   0x08001a84   0x00000008   Code   RO         1904    .text               c_w.l(rt_heap_descriptor_intlibspace.o)
    0x08001a8c   0x08001a8c   0x00000004   Code   RO         1906    .text               c_w.l(hguard.o)
    0x08001a90   0x08001a90   0x0000008a   Code   RO         1908    .text               c_w.l(init_alloc.o)
    0x08001b1a   0x08001b1a   0x0000005e   Code   RO         1914    .text               c_w.l(h1_alloc.o)
    0x08001b78   0x08001b78   0x000000f8   Code   RO         1930    .text               c_w.l(fseek.o)
    0x08001c70   0x08001c70   0x000000f0   Code   RO         1932    .text               c_w.l(stdio.o)
    0x08001d60   0x08001d60   0x0000000a   Code   RO         1941    .text               c_w.l(defsig_exit.o)
    0x08001d6a   0x08001d6a   0x00000002   PAD
    0x08001d6c   0x08001d6c   0x00000034   Code   RO         1945    .text               c_w.l(defsig_rtred_inner.o)
    0x08001da0   0x08001da0   0x0000003e   Code   RO         1949    .text               c_w.l(strlen.o)
    0x08001dde   0x08001dde   0x00000002   PAD
    0x08001de0   0x08001de0   0x00000080   Code   RO         1953    .text               c_w.l(strcmpv7m.o)
    0x08001e60   0x08001e60   0x0000000c   Code   RO         1959    .text               c_w.l(sys_exit.o)
    0x08001e6c   0x08001e6c   0x0000000e   Code   RO         1970    .text               c_w.l(h1_init.o)
    0x08001e7a   0x08001e7a   0x00000034   Code   RO         1972    .text               c_w.l(h1_extend.o)
    0x08001eae   0x08001eae   0x00000042   Code   RO         1982    .text               c_w.l(ftell.o)
    0x08001ef0   0x08001ef0   0x00000032   Code   RO         1990    .text               c_w.l(defsig_general.o)
    0x08001f22   0x08001f22   0x0000000e   Code   RO         1992    .text               c_w.l(defsig_rtmem_outer.o)
    0x08001f30   0x08001f30   0x0000000e   Code   RO         2007    .text               c_w.l(sys_wrch.o)
    0x08001f3e   0x08001f3e   0x00000002   PAD
    0x08001f40   0x08001f40   0x00000008   Code   RO         2014    .text               c_w.l(rt_errno_addr_intlibspace.o)
    0x08001f48   0x08001f48   0x00000050   Code   RO         2020    .text               c_w.l(defsig_rtmem_inner.o)
    0x08001f98   0x08001f98   0x0000003e   Code   RO         1769    CL$$btod_d2e        c_w.l(btod.o)
    0x08001fd6   0x08001fd6   0x00000046   Code   RO         1771    CL$$btod_d2e_denorm_low  c_w.l(btod.o)
    0x0800201c   0x0800201c   0x00000060   Code   RO         1770    CL$$btod_d2e_norm_op1  c_w.l(btod.o)
    0x0800207c   0x0800207c   0x00000338   Code   RO         1779    CL$$btod_div_common  c_w.l(btod.o)
    0x080023b4   0x080023b4   0x000000dc   Code   RO         1776    CL$$btod_e2e        c_w.l(btod.o)
    0x08002490   0x08002490   0x0000002a   Code   RO         1773    CL$$btod_ediv       c_w.l(btod.o)
    0x080024ba   0x080024ba   0x0000002a   Code   RO         1772    CL$$btod_emul       c_w.l(btod.o)
    0x080024e4   0x080024e4   0x00000244   Code   RO         1778    CL$$btod_mult_common  c_w.l(btod.o)
    0x08002728   0x08002728   0x00000004   Code   RO          157    i.BusFault_Handler  stm32f4xx_it.o
    0x0800272c   0x0800272c   0x00000002   Code   RO          158    i.DebugMon_Handler  stm32f4xx_it.o
    0x0800272e   0x0800272e   0x00000002   PAD
    0x08002730   0x08002730   0x00000184   Code   RO          338    i.Enable_GPIO_Clock  usart_stm32f4xx.o
    0x080028b4   0x080028b4   0x00000170   Code   RO            4    i.Error_Handler     main.o
    0x08002a24   0x08002a24   0x000000aa   Code   RO          874    i.HAL_DMA_Abort     stm32f4xx_hal_dma.o
    0x08002ace   0x08002ace   0x00000002   PAD
    0x08002ad0   0x08002ad0   0x00000180   Code   RO         1018    i.HAL_GPIO_DeInit   stm32f4xx_hal_gpio.o
    0x08002c50   0x08002c50   0x0000021c   Code   RO         1021    i.HAL_GPIO_Init     stm32f4xx_hal_gpio.o
    0x08002e6c   0x08002e6c   0x00000010   Code   RO         1023    i.HAL_GPIO_ReadPin  stm32f4xx_hal_gpio.o
    0x08002e7c   0x08002e7c   0x0000000c   Code   RO         1025    i.HAL_GPIO_WritePin  stm32f4xx_hal_gpio.o
    0x08002e88   0x08002e88   0x0000000c   Code   RO          548    i.HAL_GetTick       stm32f4xx_hal.o
    0x08002e94   0x08002e94   0x00000050   Code   RO         1488    i.HAL_IWDG_Init     stm32f4xx_hal_iwdg.o
    0x08002ee4   0x08002ee4   0x0000000e   Code   RO         1489    i.HAL_IWDG_Refresh  stm32f4xx_hal_iwdg.o
    0x08002ef2   0x08002ef2   0x00000002   PAD
    0x08002ef4   0x08002ef4   0x00000018   Code   RO          554    i.HAL_IncTick       stm32f4xx_hal.o
    0x08002f0c   0x08002f0c   0x00000030   Code   RO          555    i.HAL_Init          stm32f4xx_hal.o
    0x08002f3c   0x08002f3c   0x0000004c   Code   RO          556    i.HAL_InitTick      stm32f4xx_hal.o
    0x08002f88   0x08002f88   0x00000002   Code   RO          276    i.HAL_MspInit       stm32f4xx_hal_msp.o
    0x08002f8a   0x08002f8a   0x00000002   PAD
    0x08002f8c   0x08002f8c   0x0000002c   Code   RO          735    i.HAL_NVIC_DisableIRQ  stm32f4xx_hal_cortex.o
    0x08002fb8   0x08002fb8   0x0000007c   Code   RO          742    i.HAL_NVIC_SetPriority  stm32f4xx_hal_cortex.o
    0x08003034   0x08003034   0x00000028   Code   RO          743    i.HAL_NVIC_SetPriorityGrouping  stm32f4xx_hal_cortex.o
    0x0800305c   0x0800305c   0x0000008c   Code   RO         1210    i.HAL_PWREx_EnableOverDrive  stm32f4xx_hal_pwr_ex.o
    0x080030e8   0x080030e8   0x00000184   Code   RO         1277    i.HAL_RCC_ClockConfig  stm32f4xx_hal_rcc.o
    0x0800326c   0x0800326c   0x0000000c   Code   RO         1282    i.HAL_RCC_GetHCLKFreq  stm32f4xx_hal_rcc.o
    0x08003278   0x08003278   0x00000020   Code   RO         1284    i.HAL_RCC_GetPCLK1Freq  stm32f4xx_hal_rcc.o
    0x08003298   0x08003298   0x000000b0   Code   RO         1286    i.HAL_RCC_GetSysClockFreq  stm32f4xx_hal_rcc.o
    0x08003348   0x08003348   0x00000488   Code   RO         1289    i.HAL_RCC_OscConfig  stm32f4xx_hal_rcc.o
    0x080037d0   0x080037d0   0x00000034   Code   RO          747    i.HAL_SYSTICK_Config  stm32f4xx_hal_cortex.o
    0x08003804   0x08003804   0x00000004   Code   RO          159    i.HardFault_Handler  stm32f4xx_it.o
    0x08003808   0x08003808   0x00000004   Code   RO          160    i.MemManage_Handler  stm32f4xx_it.o
    0x0800380c   0x0800380c   0x00000002   Code   RO          161    i.NMI_Handler       stm32f4xx_it.o
    0x0800380e   0x0800380e   0x00000002   Code   RO          162    i.PendSV_Handler    stm32f4xx_it.o
    0x08003810   0x08003810   0x00000002   Code   RO          163    i.SVC_Handler       stm32f4xx_it.o
    0x08003812   0x08003812   0x00000008   Code   RO          164    i.SysTick_Handler   stm32f4xx_it.o
    0x0800381a   0x0800381a   0x00000002   PAD
    0x0800381c   0x0800381c   0x000000d0   Code   RO            5    i.SystemClock_Config  main.o
    0x080038ec   0x080038ec   0x0000001c   Code   RO         1452    i.SystemInit        system_stm32f4xx.o
    0x08003908   0x08003908   0x00000018   Code   RO          339    i.USART3_Control    usart_stm32f4xx.o
    0x08003920   0x08003920   0x00000010   Code   RO          340    i.USART3_GetCapabilities  usart_stm32f4xx.o
    0x08003930   0x08003930   0x00000010   Code   RO          341    i.USART3_GetModemStatus  usart_stm32f4xx.o
    0x08003940   0x08003940   0x00000010   Code   RO          342    i.USART3_GetRxCount  usart_stm32f4xx.o
    0x08003950   0x08003950   0x00000010   Code   RO          343    i.USART3_GetStatus  usart_stm32f4xx.o
    0x08003960   0x08003960   0x00000010   Code   RO          344    i.USART3_GetTxCount  usart_stm32f4xx.o
    0x08003970   0x08003970   0x00000010   Code   RO          345    i.USART3_IRQHandler  usart_stm32f4xx.o
    0x08003980   0x08003980   0x00000014   Code   RO          346    i.USART3_Initialize  usart_stm32f4xx.o
    0x08003994   0x08003994   0x00000014   Code   RO          347    i.USART3_PowerControl  usart_stm32f4xx.o
    0x080039a8   0x080039a8   0x00000018   Code   RO          348    i.USART3_Receive    usart_stm32f4xx.o
    0x080039c0   0x080039c0   0x00000018   Code   RO          349    i.USART3_Send       usart_stm32f4xx.o
    0x080039d8   0x080039d8   0x00000014   Code   RO          350    i.USART3_SetModemControl  usart_stm32f4xx.o
    0x080039ec   0x080039ec   0x0000001c   Code   RO          351    i.USART3_Transfer   usart_stm32f4xx.o
    0x08003a08   0x08003a08   0x00000010   Code   RO          352    i.USART3_Uninitialize  usart_stm32f4xx.o
    0x08003a18   0x08003a18   0x000008ec   Code   RO          353    i.USART_Control     usart_stm32f4xx.o
    0x08004304   0x08004304   0x00000006   Code   RO          354    i.USART_GetCapabilities  usart_stm32f4xx.o
    0x0800430a   0x0800430a   0x00000052   Code   RO          355    i.USART_GetModemStatus  usart_stm32f4xx.o
    0x0800435c   0x0800435c   0x00000008   Code   RO          356    i.USART_GetRxCount  usart_stm32f4xx.o
    0x08004364   0x08004364   0x00000076   Code   RO          357    i.USART_GetStatus   usart_stm32f4xx.o
    0x080043da   0x080043da   0x00000008   Code   RO          358    i.USART_GetTxCount  usart_stm32f4xx.o
    0x080043e2   0x080043e2   0x00000272   Code   RO          359    i.USART_IRQHandler  usart_stm32f4xx.o
    0x08004654   0x08004654   0x00000092   Code   RO          360    i.USART_Initialize  usart_stm32f4xx.o
    0x080046e6   0x080046e6   0x00000002   PAD
    0x080046e8   0x080046e8   0x0000019c   Code   RO          361    i.USART_PeripheralReset  usart_stm32f4xx.o
    0x08004884   0x08004884   0x00000364   Code   RO          362    i.USART_PowerControl  usart_stm32f4xx.o
    0x08004be8   0x08004be8   0x000000a2   Code   RO          363    i.USART_Receive     usart_stm32f4xx.o
    0x08004c8a   0x08004c8a   0x00000088   Code   RO          364    i.USART_Send        usart_stm32f4xx.o
    0x08004d12   0x08004d12   0x0000008c   Code   RO          365    i.USART_SetModemControl  usart_stm32f4xx.o
    0x08004d9e   0x08004d9e   0x0000006a   Code   RO          366    i.USART_Transfer    usart_stm32f4xx.o
    0x08004e08   0x08004e08   0x0000006a   Code   RO          367    i.USART_Uninitialize  usart_stm32f4xx.o
    0x08004e72   0x08004e72   0x00000002   PAD
    0x08004e74   0x08004e74   0x00000010   Code   RO          368    i.USARTx_GetVersion  usart_stm32f4xx.o
    0x08004e84   0x08004e84   0x00000004   Code   RO          165    i.UsageFault_Handler  stm32f4xx_it.o
    0x08004e88   0x08004e88   0x00000030   Code   RO         1889    i.__ARM_fpclassify  m_wm.l(fpclassify.o)
    0x08004eb8   0x08004eb8   0x00000010   Code   RO          749    i.__NVIC_GetPriorityGrouping  stm32f4xx_hal_cortex.o
    0x08004ec8   0x08004ec8   0x00000028   Code   RO          750    i.__NVIC_SetPriority  stm32f4xx_hal_cortex.o
    0x08004ef0   0x08004ef0   0x0000000e   Code   RO         1596    i._is_digit         c_w.l(__printf_wp.o)
    0x08004efe   0x08004efe   0x0000001a   Code   RO         1679    i.fputc             c_w.l(fputc.o)
    0x08004f18   0x08004f18   0x0000005c   Code   RO          232    i.init_USART        usart.o
    0x08004f74   0x08004f74   0x0000002c   Code   RO          305    i.init_Watchdog     watchdog.o
    0x08004fa0   0x08004fa0   0x00000078   Code   RO            6    i.main              main.o
    0x08005018   0x08005018   0x00000010   Code   RO          306    i.reset_Watchdog    watchdog.o
    0x08005028   0x08005028   0x00000050   Code   RO          233    i.tx_USART          usart.o
    0x08005078   0x08005078   0x0000002c   Code   RO         1805    locale$$code        c_w.l(lc_numeric_c.o)
    0x080050a4   0x080050a4   0x0000002c   Code   RO         1939    locale$$code        c_w.l(lc_ctype_c.o)
    0x080050d0   0x080050d0   0x0000000a   Code   RO         1957    x$fpl$fpinit        fz_wm.l(fpinit.o)
    0x080050da   0x080050da   0x00000004   Code   RO         1635    x$fpl$printf1       fz_wm.l(printf1.o)
    0x080050de   0x080050de   0x00000004   Code   RO         1637    x$fpl$printf2       fz_wm.l(printf2.o)
    0x080050e2   0x080050e2   0x00000000   Code   RO         1888    x$fpl$usenofp       fz_wm.l(usenofp.o)
    0x080050e2   0x080050e2   0x00000002   PAD
    0x080050e4   0x080050e4   0x00000088   Data   RO          370    .constdata          usart_stm32f4xx.o
    0x0800516c   0x0800516c   0x00000018   Data   RO         1453    .constdata          system_stm32f4xx.o
    0x08005184   0x08005184   0x00000008   Data   RO         1555    .constdata          c_w.l(_printf_wctomb.o)
    0x0800518c   0x0800518c   0x00000028   Data   RO         1584    .constdata          c_w.l(_printf_hex_int_ll_ptr.o)
    0x080051b4   0x080051b4   0x00000011   Data   RO         1604    .constdata          c_w.l(__printf_flags_ss_wp.o)
    0x080051c5   0x080051c5   0x00000026   Data   RO         1667    .constdata          c_w.l(_printf_fp_hex.o)
    0x080051eb   0x080051eb   0x00000004   Data   RO         1693    .constdata          c_w.l(sys_io.o)
    0x080051ef   0x080051ef   0x00000004   Data   RO         1694    .constdata          c_w.l(sys_io.o)
    0x080051f3   0x080051f3   0x00000004   Data   RO         1695    .constdata          c_w.l(sys_io.o)
    0x080051f7   0x080051f7   0x00000001   PAD
    0x080051f8   0x080051f8   0x00000094   Data   RO         1767    .constdata          c_w.l(bigflt0.o)
    0x0800528c   0x0800528c   0x00000020   Data   RO         2043    Region$$Table       anon$$obj.o
    0x080052ac   0x080052ac   0x0000001c   Data   RO         1804    locale$$data        c_w.l(lc_numeric_c.o)
    0x080052c8   0x080052c8   0x00000110   Data   RO         1938    locale$$data        c_w.l(lc_ctype_c.o)


    Execution Region RW_IRAM1 (Exec base: 0x20000000, Load base: 0x080053d8, Size: 0x00000828, Max: 0x00030000, ABSOLUTE)

    Exec Addr    Load Addr    Size         Type   Attr      Idx    E Section Name        Object

    0x20000000   0x080053d8   0x00000004   Data   RW            8    .data               main.o
    0x20000004   0x080053dc   0x00000004   Data   RW          234    .data               usart.o
    0x20000008   0x080053e0   0x00000009   Data   RW          562    .data               stm32f4xx_hal.o
    0x20000011   0x080053e9   0x00000003   PAD
    0x20000014   0x080053ec   0x00000004   Data   RW         1454    .data               system_stm32f4xx.o
    0x20000018   0x080053f0   0x00000004   Data   RW         1632    .data               c_w.l(stdio_streams.o)
    0x2000001c   0x080053f4   0x00000004   Data   RW         1633    .data               c_w.l(stdio_streams.o)
    0x20000020   0x080053f8   0x00000004   Data   RW         1634    .data               c_w.l(stdio_streams.o)
    0x20000024        -       0x00000064   Zero   RW            7    .bss                main.o
    0x20000088        -       0x0000000c   Zero   RW          307    .bss                watchdog.o
    0x20000094        -       0x00000038   Zero   RW          369    .bss                usart_stm32f4xx.o
    0x200000cc        -       0x00000054   Zero   RW         1629    .bss                c_w.l(stdio_streams.o)
    0x20000120        -       0x00000054   Zero   RW         1630    .bss                c_w.l(stdio_streams.o)
    0x20000174        -       0x00000054   Zero   RW         1631    .bss                c_w.l(stdio_streams.o)
    0x200001c8        -       0x00000060   Zero   RW         1892    .bss                c_w.l(libspace.o)
    0x20000228        -       0x00000200   Zero   RW         1442    HEAP                startup_stm32f429xx.o
    0x20000428        -       0x00000400   Zero   RW         1441    STACK               startup_stm32f429xx.o


==============================================================================

Image component sizes


      Code (inc. data)   RO Data    RW Data    ZI Data      Debug   Object Name

       696        348          0          4        100     719022   main.o
        64         26        428          0       1536        876   startup_stm32f429xx.o
       160         30          0          9          0       9573   stm32f4xx_hal.o
       316         28          0          0          0      35052   stm32f4xx_hal_cortex.o
       170          0          0          0          0       1640   stm32f4xx_hal_dma.o
       952        102          0          0          0       4469   stm32f4xx_hal_gpio.o
        94          0          0          0          0       2159   stm32f4xx_hal_iwdg.o
         2          0          0          0          0        450   stm32f4xx_hal_msp.o
       140         12          0          0          0       1612   stm32f4xx_hal_pwr_ex.o
      1768         74          0          0          0       5681   stm32f4xx_hal_rcc.o
        32          0          0          0          0       4086   stm32f4xx_it.o
        28          4         24          4          0       1507   system_stm32f4xx.o
       172         12          0          4          0       2040   usart.o
      5884        240        136          0         56      59918   usart_stm32f4xx.o
        60         16          0          0         12       1214   watchdog.o

    ----------------------------------------------------------------------
     10552        892        620         24       1704     849299   Object Totals
         0          0         32          0          0          0   (incl. Generated)
        14          0          0          3          0          0   (incl. Padding)

    ----------------------------------------------------------------------

      Code (inc. data)   RO Data    RW Data    ZI Data      Debug   Library Member Name

        44          6          0          0          0         84   __2sprintf.o
         8          0          0          0          0         68   __main.o
       392          4         17          0          0         92   __printf_flags_ss_wp.o
        14          0          0          0          0         68   __printf_wp.o
         0          0          0          0          0          0   __rtentry.o
        12          0          0          0          0          0   __rtentry2.o
         6          0          0          0          0          0   __rtentry4.o
        52          8          0          0          0          0   __scatter.o
        26          0          0          0          0          0   __scatter_copy.o
        28          0          0          0          0          0   __scatter_zi.o
         6          0          0          0          0          0   _printf_a.o
         6          0          0          0          0          0   _printf_c.o
        44          0          0          0          0        108   _printf_char.o
        48          6          0          0          0         96   _printf_char_common.o
        36          4          0          0          0         80   _printf_char_file.o
        40          0          0          0          0         68   _printf_charcount.o
         6          0          0          0          0          0   _printf_d.o
       120         16          0          0          0         92   _printf_dec.o
         6          0          0          0          0          0   _printf_e.o
         6          0          0          0          0          0   _printf_f.o
      1054          0          0          0          0        216   _printf_fp_dec.o
       764          8         38          0          0        100   _printf_fp_hex.o
       128         16          0          0          0         84   _printf_fp_infnan.o
         6          0          0          0          0          0   _printf_g.o
       148          4         40          0          0        160   _printf_hex_int_ll_ptr.o
         6          0          0          0          0          0   _printf_i.o
       178          0          0          0          0         88   _printf_intcommon.o
        10          0          0          0          0          0   _printf_l.o
         6          0          0          0          0          0   _printf_lc.o
        10          0          0          0          0          0   _printf_ll.o
         6          0          0          0          0          0   _printf_lld.o
         6          0          0          0          0          0   _printf_lli.o
         6          0          0          0          0          0   _printf_llo.o
         6          0          0          0          0          0   _printf_llu.o
         6          0          0          0          0          0   _printf_llx.o
       124         16          0          0          0         92   _printf_longlong_dec.o
         6          0          0          0          0          0   _printf_ls.o
         6          0          0          0          0          0   _printf_n.o
         6          0          0          0          0          0   _printf_o.o
       112         10          0          0          0        124   _printf_oct_int_ll.o
         6          0          0          0          0          0   _printf_p.o
        78          0          0          0          0        108   _printf_pad.o
         0          0          0          0          0          0   _printf_percent.o
         4          0          0          0          0          0   _printf_percent_end.o
         6          0          0          0          0          0   _printf_s.o
        82          0          0          0          0         80   _printf_str.o
        36          0          0          0          0         84   _printf_truncate.o
         6          0          0          0          0          0   _printf_u.o
        44          0          0          0          0        108   _printf_wchar.o
       188          6          8          0          0         92   _printf_wctomb.o
         6          0          0          0          0          0   _printf_x.o
        10          0          0          0          0         68   _sputc.o
        64          0          0          0          0         92   _wcrtomb.o
       228          4        148          0          0         96   bigflt0.o
      1936        128          0          0          0        672   btod.o
        10          0          0          0          0         68   defsig_exit.o
        50          0          0          0          0         88   defsig_general.o
        80         58          0          0          0         76   defsig_rtmem_inner.o
        14          0          0          0          0         80   defsig_rtmem_outer.o
        52         38          0          0          0         76   defsig_rtred_inner.o
        14          0          0          0          0         80   defsig_rtred_outer.o
        18          0          0          0          0         80   exit.o
        76          0          0          0          0         88   fclose.o
         8          0          0          0          0         68   ferror.o
       470          0          0          0          0         88   flsbuf.o
       236          4          0          0          0        128   fopen.o
        26          0          0          0          0         68   fputc.o
       248          6          0          0          0         84   fseek.o
        66          0          0          0          0         76   ftell.o
        94          0          0          0          0         80   h1_alloc.o
        52          0          0          0          0         68   h1_extend.o
        78          0          0          0          0         80   h1_free.o
        14          0          0          0          0         84   h1_init.o
         6          0          0          0          0        152   heapauxi.o
         4          0          0          0          0        136   hguard.o
         0          0          0          0          0          0   indicate_semi.o
       138          0          0          0          0        168   init_alloc.o
       312         46          0          0          0        112   initio.o
        44         10        272          0          0         76   lc_ctype_c.o
        44         10         28          0          0         76   lc_numeric_c.o
         2          0          0          0          0          0   libinit.o
        46          0          0          0          0          0   libinit2.o
         2          0          0          0          0          0   libshutdown.o
         6          0          0          0          0          0   libshutdown2.o
         8          4          0          0         96         68   libspace.o
       138          0          0          0          0         80   lludiv10.o
       238          0          0          0          0        100   lludivv7m.o
         0          0          0          0          0          0   maybetermalloc1.o
        24          4          0          0          0         84   printf.o
        16          4          0          0          0         76   rt_ctype_table.o
         8          4          0          0          0         68   rt_errno_addr_intlibspace.o
         8          4          0          0          0         68   rt_heap_descriptor_intlibspace.o
         8          4          0          0          0         68   rt_locale_intlibspace.o
        78          0          0          0          0         80   rt_memclr_w.o
         2          0          0          0          0          0   rtexit.o
        10          0          0          0          0          0   rtexit2.o
        70          0          0          0          0         80   setvbuf.o
       240          6          0          0          0        156   stdio.o
         0          0          0         12        252          0   stdio_streams.o
       128          0          0          0          0         68   strcmpv7m.o
        62          0          0          0          0         76   strlen.o
        12          4          0          0          0         68   sys_exit.o
       102          0         12          0          0        240   sys_io.o
        74          0          0          0          0         80   sys_stackheap_outer.o
        14          0          0          0          0         76   sys_wrch.o
         2          0          0          0          0         68   use_no_semi.o
        10          0          0          0          0        116   fpinit.o
         4          0          0          0          0        116   printf1.o
         4          0          0          0          0        116   printf2.o
         0          0          0          0          0          0   usenofp.o
        48          0          0          0          0        124   fpclassify.o

    ----------------------------------------------------------------------
      9728        442        564         12        348       7276   Library Totals
        22          0          1          0          0          0   (incl. Padding)

    ----------------------------------------------------------------------

      Code (inc. data)   RO Data    RW Data    ZI Data      Debug   Library Name

      9640        442        563         12        348       6804   c_w.l
        18          0          0          0          0        348   fz_wm.l
        48          0          0          0          0        124   m_wm.l

    ----------------------------------------------------------------------
      9728        442        564         12        348       7276   Library Totals

    ----------------------------------------------------------------------

==============================================================================


      Code (inc. data)   RO Data    RW Data    ZI Data      Debug   

     20280       1334       1184         36       2052     845931   Grand Totals
     20280       1334       1184         36       2052     845931   ELF Image Totals
     20280       1334       1184         36          0          0   ROM Totals

==============================================================================

    Total RO  Size (Code + RO Data)                21464 (  20.96kB)
    Total RW  Size (RW Data + ZI Data)              2088 (   2.04kB)
    Total ROM Size (Code + RO Data + RW Data)      21500 (  21.00kB)

==============================================================================

